Archive member included to satisfy reference by file (symbol)

/home/zg/gcc-arm-none-eabi-10-2020-q4-major/bin/../lib/gcc/arm-none-eabi/10.2.1/../../../../arm-none-eabi/lib/thumb/v7e-m/nofp/libm.a(lib_a-s_ceil.o)
                              ./grbl/grbl-master/limits.o (ceil)
/home/zg/gcc-arm-none-eabi-10-2020-q4-major/bin/../lib/gcc/arm-none-eabi/10.2.1/../../../../arm-none-eabi/lib/thumb/v7e-m/nofp/libm.a(lib_a-s_cos.o)
                              ./grbl/grbl-master/motion_control.o (cos)
/home/zg/gcc-arm-none-eabi-10-2020-q4-major/bin/../lib/gcc/arm-none-eabi/10.2.1/../../../../arm-none-eabi/lib/thumb/v7e-m/nofp/libm.a(lib_a-s_floor.o)
                              ./grbl/grbl-master/motion_control.o (floor)
/home/zg/gcc-arm-none-eabi-10-2020-q4-major/bin/../lib/gcc/arm-none-eabi/10.2.1/../../../../arm-none-eabi/lib/thumb/v7e-m/nofp/libm.a(lib_a-s_lround.o)
                              ./grbl/grbl-master/limits.o (lround)
/home/zg/gcc-arm-none-eabi-10-2020-q4-major/bin/../lib/gcc/arm-none-eabi/10.2.1/../../../../arm-none-eabi/lib/thumb/v7e-m/nofp/libm.a(lib_a-s_round.o)
                              ./grbl/grbl-master/settings.o (round)
/home/zg/gcc-arm-none-eabi-10-2020-q4-major/bin/../lib/gcc/arm-none-eabi/10.2.1/../../../../arm-none-eabi/lib/thumb/v7e-m/nofp/libm.a(lib_a-s_sin.o)
                              ./grbl/grbl-master/motion_control.o (sin)
/home/zg/gcc-arm-none-eabi-10-2020-q4-major/bin/../lib/gcc/arm-none-eabi/10.2.1/../../../../arm-none-eabi/lib/thumb/v7e-m/nofp/libm.a(lib_a-s_trunc.o)
                              ./grbl/grbl-master/gcode.o (trunc)
/home/zg/gcc-arm-none-eabi-10-2020-q4-major/bin/../lib/gcc/arm-none-eabi/10.2.1/../../../../arm-none-eabi/lib/thumb/v7e-m/nofp/libm.a(lib_a-w_atan2.o)
                              ./grbl/grbl-master/motion_control.o (atan2)
/home/zg/gcc-arm-none-eabi-10-2020-q4-major/bin/../lib/gcc/arm-none-eabi/10.2.1/../../../../arm-none-eabi/lib/thumb/v7e-m/nofp/libm.a(lib_a-w_hypot.o)
                              ./grbl/grbl-master/gcode.o (hypot)
/home/zg/gcc-arm-none-eabi-10-2020-q4-major/bin/../lib/gcc/arm-none-eabi/10.2.1/../../../../arm-none-eabi/lib/thumb/v7e-m/nofp/libm.a(lib_a-w_sqrt.o)
                              ./grbl/grbl-master/gcode.o (sqrt)
/home/zg/gcc-arm-none-eabi-10-2020-q4-major/bin/../lib/gcc/arm-none-eabi/10.2.1/../../../../arm-none-eabi/lib/thumb/v7e-m/nofp/libm.a(lib_a-e_atan2.o)
                              /home/zg/gcc-arm-none-eabi-10-2020-q4-major/bin/../lib/gcc/arm-none-eabi/10.2.1/../../../../arm-none-eabi/lib/thumb/v7e-m/nofp/libm.a(lib_a-w_atan2.o) (__ieee754_atan2)
/home/zg/gcc-arm-none-eabi-10-2020-q4-major/bin/../lib/gcc/arm-none-eabi/10.2.1/../../../../arm-none-eabi/lib/thumb/v7e-m/nofp/libm.a(lib_a-e_hypot.o)
                              /home/zg/gcc-arm-none-eabi-10-2020-q4-major/bin/../lib/gcc/arm-none-eabi/10.2.1/../../../../arm-none-eabi/lib/thumb/v7e-m/nofp/libm.a(lib_a-w_hypot.o) (__ieee754_hypot)
/home/zg/gcc-arm-none-eabi-10-2020-q4-major/bin/../lib/gcc/arm-none-eabi/10.2.1/../../../../arm-none-eabi/lib/thumb/v7e-m/nofp/libm.a(lib_a-e_rem_pio2.o)
                              /home/zg/gcc-arm-none-eabi-10-2020-q4-major/bin/../lib/gcc/arm-none-eabi/10.2.1/../../../../arm-none-eabi/lib/thumb/v7e-m/nofp/libm.a(lib_a-s_cos.o) (__ieee754_rem_pio2)
/home/zg/gcc-arm-none-eabi-10-2020-q4-major/bin/../lib/gcc/arm-none-eabi/10.2.1/../../../../arm-none-eabi/lib/thumb/v7e-m/nofp/libm.a(lib_a-e_sqrt.o)
                              /home/zg/gcc-arm-none-eabi-10-2020-q4-major/bin/../lib/gcc/arm-none-eabi/10.2.1/../../../../arm-none-eabi/lib/thumb/v7e-m/nofp/libm.a(lib_a-w_sqrt.o) (__ieee754_sqrt)
/home/zg/gcc-arm-none-eabi-10-2020-q4-major/bin/../lib/gcc/arm-none-eabi/10.2.1/../../../../arm-none-eabi/lib/thumb/v7e-m/nofp/libm.a(lib_a-k_cos.o)
                              /home/zg/gcc-arm-none-eabi-10-2020-q4-major/bin/../lib/gcc/arm-none-eabi/10.2.1/../../../../arm-none-eabi/lib/thumb/v7e-m/nofp/libm.a(lib_a-s_cos.o) (__kernel_cos)
/home/zg/gcc-arm-none-eabi-10-2020-q4-major/bin/../lib/gcc/arm-none-eabi/10.2.1/../../../../arm-none-eabi/lib/thumb/v7e-m/nofp/libm.a(lib_a-k_rem_pio2.o)
                              /home/zg/gcc-arm-none-eabi-10-2020-q4-major/bin/../lib/gcc/arm-none-eabi/10.2.1/../../../../arm-none-eabi/lib/thumb/v7e-m/nofp/libm.a(lib_a-e_rem_pio2.o) (__kernel_rem_pio2)
/home/zg/gcc-arm-none-eabi-10-2020-q4-major/bin/../lib/gcc/arm-none-eabi/10.2.1/../../../../arm-none-eabi/lib/thumb/v7e-m/nofp/libm.a(lib_a-k_sin.o)
                              /home/zg/gcc-arm-none-eabi-10-2020-q4-major/bin/../lib/gcc/arm-none-eabi/10.2.1/../../../../arm-none-eabi/lib/thumb/v7e-m/nofp/libm.a(lib_a-s_cos.o) (__kernel_sin)
/home/zg/gcc-arm-none-eabi-10-2020-q4-major/bin/../lib/gcc/arm-none-eabi/10.2.1/../../../../arm-none-eabi/lib/thumb/v7e-m/nofp/libm.a(lib_a-s_atan.o)
[...]
Memory Configuration

Name             Origin             Length             Attributes
FLASH            0x0000000008000000 0x0000000000100000 xr
RAM              0x0000000020000000 0x0000000000020000 xrw
CCMRAM           0x0000000010000000 0x0000000000010000 rw
*default*        0x0000000000000000 0xffffffffffffffff

Linker script and memory map

LOAD /home/zg/gcc-arm-none-eabi-10-2020-q4-major/bin/../lib/gcc/arm-none-eabi/10.2.1/thumb/v7e-m/nofp/crti.o
LOAD /home/zg/gcc-arm-none-eabi-10-2020-q4-major/bin/../lib/gcc/arm-none-eabi/10.2.1/thumb/v7e-m/nofp/crtbegin.o
LOAD /home/zg/gcc-arm-none-eabi-10-2020-q4-major/bin/../lib/gcc/arm-none-eabi/10.2.1/../../../../arm-none-eabi/lib/thumb/v7e-m/nofp/crt0.o
LOAD ./grbl/grbl-master/coolant_control.o
LOAD ./grbl/grbl-master/delay.o
LOAD ./grbl/grbl-master/eeprom.o
LOAD ./grbl/grbl-master/gcode.o
LOAD ./grbl/grbl-master/limits.o
LOAD ./grbl/grbl-master/main.o
LOAD ./grbl/grbl-master/motion_control.o
LOAD ./grbl/grbl-master/nuts_bolts.o
LOAD ./grbl/grbl-master/planner.o
LOAD ./grbl/grbl-master/print.o
LOAD ./grbl/grbl-master/protocol.o
LOAD ./grbl/grbl-master/report.o
LOAD ./grbl/grbl-master/settings.o
LOAD ./grbl/grbl-master/spindle_control.o
LOAD ./grbl/grbl-master/stepper.o
LOAD ./grbl/grbl-master/serial.o
LOAD ./grbl/grbl-master/afl_call.o
LOAD ./hal/src/stm32f4xx_hal.o
LOAD ./hal/src/stm32f4xx_hal_rcc.o
LOAD ./hal/src/stm32f4xx_hal_cortex.o
LOAD ./hal/src/stm32f4xx_hal_gpio.o
LOAD ./hal/src/stm32f4xx_hal_tim.o
LOAD ./hal/src/stm32f4xx_hal_tim_ex.o
LOAD ./board/main.o
LOAD ./board/system_stm32f4xx.o
LOAD ./board/stm32f4xx_it.o
LOAD ./board/syscalls.o
LOAD ./board/gpio.o
LOAD ./board/debounce.o
LOAD ./board/timers.o
LOAD ./board/stm32f4_regs.o
LOAD ./board/usart.o
LOAD ./board/start.o
LOAD /home/zg/gcc-arm-none-eabi-10-2020-q4-major/bin/../lib/gcc/arm-none-eabi/10.2.1/../../../../arm-none-eabi/lib/thumb/v7e-m/nofp/libm.a
START GROUP
LOAD /home/zg/gcc-arm-none-eabi-10-2020-q4-major/bin/../lib/gcc/arm-none-eabi/10.2.1/thumb/v7e-m/nofp/libgcc.a
LOAD /home/zg/gcc-arm-none-eabi-10-2020-q4-major/bin/../lib/gcc/arm-none-eabi/10.2.1/../../../../arm-none-eabi/lib/thumb/v7e-m/nofp/libg.a
LOAD /home/zg/gcc-arm-none-eabi-10-2020-q4-major/bin/../lib/gcc/arm-none-eabi/10.2.1/../../../../arm-none-eabi/lib/thumb/v7e-m/nofp/libc.a
END GROUP
LOAD /home/zg/gcc-arm-none-eabi-10-2020-q4-major/bin/../lib/gcc/arm-none-eabi/10.2.1/thumb/v7e-m/nofp/crtend.o
LOAD /home/zg/gcc-arm-none-eabi-10-2020-q4-major/bin/../lib/gcc/arm-none-eabi/10.2.1/thumb/v7e-m/nofp/crtn.o
                0x000000002001ffff                _estack = 0x2001ffff
                0x0000000000000200                _Min_Heap_Size = 0x200
                0x0000000000000400                _Min_Stack_Size = 0x400

.isr_vector     0x0000000008000000      0x188
                0x0000000008000000                . = ALIGN (0x4)
 *(.isr_vector)
 .isr_vector    0x0000000008000000      0x188 ./board/start.o
                0x0000000008000000                g_pfnVectors
                0x0000000008000188                . = ALIGN (0x4)

.text           0x0000000008000188     0xb354
                0x0000000008000188                . = ALIGN (0x4)
 *(.text)
 .text          0x0000000008000188       0x40 /home/zg/gcc-arm-none-eabi-10-2020-q4-major/bin/../lib/gcc/arm-none-eabi/10.2.1/thumb/v7e-m/nofp/crtbegin.o
 .text          0x00000000080001c8       0xa0 ./grbl/grbl-master/coolant_control.o
                0x00000000080001f8                coolant_init
                0x0000000008000210                coolant_stop
                0x0000000008000220                coolant_run
 .text          0x0000000008000268       0x98 ./grbl/grbl-master/delay.o
                0x00000000080002a4                _delay_ms
                0x00000000080002ba                _delay_us
 .text          0x0000000008000300      0x184 ./grbl/grbl-master/eeprom.o
                0x0000000008000320                eeprom_get_char
                0x0000000008000350                eeprom_put_char
                0x0000000008000384                memcpy_to_eeprom_with_checksum
                0x00000000080003fc                memcpy_from_eeprom_with_checksum
 *fill*         0x0000000008000484        0x4 
 .text          0x0000000008000488     0x1454 ./grbl/grbl-master/gcode.o
                0x00000000080004bc                gc_init
                0x000000000800050c                gc_set_current_position
                0x00000000080005c4                gc_execute_line
 .text          0x00000000080018dc      0x510 ./grbl/grbl-master/limits.o
                0x000000000800193c                limits_init
                0x000000000800196c                limits_isr
                0x0000000008001d5c                limits_go_home
 .text          0x0000000008001dec       0xbc ./grbl/grbl-master/main.o
                0x0000000008001dec                grbl_main
 .text          0x0000000008001ea8      0x7a0 ./grbl/grbl-master/motion_control.o
                0x0000000008001ea8                mc_line
                0x0000000008001f10                mc_arc
                0x0000000008002418                mc_dwell
                0x00000000080024d4                mc_go_home
                0x00000000080025f8                mc_reset
 .text          0x0000000008002648      0x234 ./grbl/grbl-master/nuts_bolts.o
                0x0000000008002648                read_float
                0x0000000008002824                delay_ms
                0x0000000008002838                delay_us
                0x000000000800284a                sys_sync_current_position
 *fill*         0x000000000800287c        0x4 
 .text          0x0000000008002880      0xe2c ./grbl/grbl-master/planner.o
                0x0000000008002f00                plan_reset_buffer
                0x0000000008002f34                plan_init
                0x0000000008002f50                plan_discard_current_block
                0x0000000008002f84                plan_get_current_block
                0x0000000008002fbc                plan_check_full_buffer
                0x0000000008002fe4                plan_synchronize
                0x0000000008003014                plan_buffer_line
                0x00000000080035fc                plan_set_current_position
                0x0000000008003628                plan_cycle_reinitialize
 .text          0x00000000080036ac      0x2e4 ./grbl/grbl-master/print.o
                0x00000000080036ac                printString
                0x00000000080036d6                printPgmString
                0x0000000008003750                print_uint8_base2
                0x000000000800376c                print_uint16_base2
                0x000000000800380c                printInteger
                0x0000000008003836                printFloat
 .text          0x0000000008003990      0x6ac ./grbl/grbl-master/protocol.o
                0x00000000080039b0                protocol_init
                0x00000000080039cc                protocol_execute_startup
                0x0000000008003a28                buttons_isr
                0x0000000008003a84                protocol_execute_runtime
                0x0000000008003ba8                protocol_execute_line
                0x0000000008003f44                protocol_process
 *fill*         0x000000000800403c        0x4 
 .text          0x0000000008004040      0xb90 ./grbl/grbl-master/report.o
                0x0000000008004040                report_status_message
                0x0000000008004158                report_alarm_message
                0x00000000080041b0                report_feedback_message
                0x0000000008004238                report_init_message
                0x000000000800424c                report_grbl_help
                0x0000000008004260                report_grbl_settings
                0x00000000080044f8                report_gcode_parameters
                0x00000000080046e0                report_gcode_modes
                0x0000000008004910                report_startup_line
                0x0000000008004950                report_realtime_status
 .text          0x0000000008004bd0      0x648 ./grbl/grbl-master/settings.o
                0x0000000008004bd0                settings_store_startup_line
                0x0000000008004c04                settings_write_coord_data
                0x0000000008004c3a                write_global_settings
                0x0000000008004c58                settings_reset
                0x0000000008004d3c                settings_read_startup_line
                0x0000000008004d8c                settings_read_coord_data
                0x0000000008004de2                read_global_settings
                0x0000000008004e40                settings_store_global_setting
                0x00000000080051c2                settings_init
 .text          0x0000000008005218       0xa4 ./grbl/grbl-master/spindle_control.o
                0x0000000008005248                spindle_init
                0x0000000008005260                spindle_stop
                0x000000000800526c                spindle_run
 .text          0x00000000080052bc      0x654 ./grbl/grbl-master/stepper.o
                0x00000000080053b0                step_period_isr
                0x0000000008005770                step_pulse_isr
                0x0000000008005788                step_delay_isr
                0x00000000080057a0                st_wake_up
                0x00000000080057f4                st_go_idle
                0x0000000008005824                st_reset
                0x000000000800584c                st_init
                0x000000000800586c                st_cycle_start
                0x000000000800588c                st_feed_hold
                0x00000000080058b0                st_cycle_reinitialize
 .text          0x0000000008005910       0x7c ./grbl/grbl-master/serial.o
                0x0000000008005910                serial_rx_hook
 .text          0x000000000800598c       0x38 ./grbl/grbl-master/afl_call.o
                0x000000000800598c                aflCall
                0x0000000008005994                startForkserver
 .text          0x00000000080059c4      0x228 ./hal/src/stm32f4xx_hal.o
                0x00000000080059c4                HAL_Init
                0x0000000008005a08                HAL_DeInit
                0x0000000008005a60                HAL_MspInit
                0x0000000008005a6c                HAL_MspDeInit
                0x0000000008005a78                HAL_IncTick
                0x0000000008005a94                HAL_GetTick
                0x0000000008005aa8                HAL_Delay
                0x0000000008005ad4                HAL_GetHalVersion
                0x0000000008005ae4                HAL_GetREVID
                0x0000000008005afc                HAL_GetDEVID
                0x0000000008005b14                HAL_EnableDBGSleepMode
                0x0000000008005b30                HAL_DisableDBGSleepMode
                0x0000000008005b4c                HAL_EnableDBGStopMode
                0x0000000008005b68                HAL_DisableDBGStopMode
                0x0000000008005b84                HAL_EnableDBGStandbyMode
                0x0000000008005ba0                HAL_DisableDBGStandbyMode
                0x0000000008005bbc                HAL_EnableCompensationCell
                0x0000000008005bd4                HAL_DisableCompensationCell
 .text          0x0000000008005bec      0xd74 ./hal/src/stm32f4xx_hal_rcc.o
                0x0000000008005c84                HAL_RCC_DeInit
                0x0000000008005cfc                HAL_RCC_OscConfig
                0x000000000800619c                HAL_RCC_ClockConfig
                0x000000000800641c                HAL_RCC_MCOConfig
                0x00000000080064cc                HAL_RCC_EnableCSS
                0x00000000080064e4                HAL_RCC_DisableCSS
                0x00000000080064fc                HAL_RCC_GetSysClockFreq
                0x0000000008006638                HAL_RCC_GetHCLKFreq
                0x0000000008006690                HAL_RCC_GetPCLK1Freq
                0x00000000080066dc                HAL_RCC_GetPCLK2Freq
                0x0000000008006728                HAL_RCC_GetOscConfig
                0x00000000080068cc                HAL_RCC_GetClockConfig
                0x000000000800692c                HAL_RCC_NMI_IRQHandler
                0x0000000008006954                HAL_RCC_CCSCallback
 .text          0x0000000008006960      0x538 ./hal/src/stm32f4xx_hal_cortex.o
                0x0000000008006cf0                HAL_NVIC_SetPriorityGrouping
                0x0000000008006d06                HAL_NVIC_SetPriority
                0x0000000008006d3e                HAL_NVIC_EnableIRQ
                0x0000000008006d5a                HAL_NVIC_DisableIRQ
                0x0000000008006d76                HAL_NVIC_SystemReset
                0x0000000008006d82                HAL_SYSTICK_Config
                0x0000000008006d9a                HAL_NVIC_GetPriorityGrouping
                0x0000000008006da8                HAL_NVIC_GetPriority
                0x0000000008006dd4                HAL_NVIC_SetPendingIRQ
                0x0000000008006df0                HAL_NVIC_GetPendingIRQ
                0x0000000008006e0e                HAL_NVIC_ClearPendingIRQ
                0x0000000008006e2a                HAL_NVIC_GetActive
                0x0000000008006e48                HAL_SYSTICK_CLKSourceConfig
                0x0000000008006e80                HAL_SYSTICK_IRQHandler
                0x0000000008006e8c                HAL_SYSTICK_Callback
 .text          0x0000000008006e98      0x54c ./hal/src/stm32f4xx_hal_gpio.o
                0x0000000008006e98                HAL_GPIO_Init
                0x00000000080071e0                HAL_GPIO_DeInit
                0x0000000008007320                HAL_GPIO_ReadPin
                0x000000000800734e                HAL_GPIO_WritePin
                0x000000000800737c                HAL_GPIO_TogglePin
                0x000000000800739e                HAL_GPIO_EXTI_IRQHandler
                0x00000000080073d0                HAL_GPIO_EXTI_Callback
 .text          0x00000000080073e4      0x198 ./board/main.o
                0x0000000008007440                Error_Handler
                0x00000000080074d8                debounce_on_handler
                0x0000000008007530                debounce_off_handler
                0x0000000008007550                main
 .text          0x000000000800757c      0x15c ./board/system_stm32f4xx.o
                0x000000000800757c                SystemInit
                0x00000000080075d8                SystemCoreClockUpdate
 .text          0x00000000080076d8       0xc4 ./board/stm32f4xx_it.o
                0x000000000800771e                NMI_Handler
                0x000000000800772a                HardFault_Handler
                0x0000000008007730                MemManage_Handler
                0x0000000008007736                BusFault_Handler
                0x000000000800773c                UsageFault_Handler
                0x0000000008007742                SVC_Handler
                0x000000000800774e                DebugMon_Handler
                0x000000000800775a                PendSV_Handler
                0x0000000008007766                SysTick_Handler
 .text          0x000000000800779c       0xc8 ./board/gpio.o
                0x000000000800779c                gpio_init
 .text          0x0000000008007864      0x18c ./board/debounce.o
                0x0000000008007904                debounce_rd
                0x0000000008007940                debounce_isr
                0x00000000080079d0                debounce_init
 .text          0x00000000080079f0      0x43c ./board/timers.o
                0x0000000008007b80                step_isr_enable
                0x0000000008007bd2                step_isr_disable
                0x0000000008007c00                set_step_period
                0x0000000008007c50                set_step_pulse_delay
                0x0000000008007c6e                set_step_pulse_time
                0x0000000008007c8c                TIM2_IRQHandler
                0x0000000008007db8                g540_timer_start
                0x0000000008007de8                g540_timer_stop
                0x0000000008007e18                timers_init
 .text          0x0000000008007e2c      0x4ac ./board/usart.o
                0x0000000008007e2c                usart_putc
                0x0000000008007e5c                usart_flush
                0x0000000008007e68                usart_tstc
                0x0000000008007e94                usart_getc
                0x00000000080081a0                usart_init
                0x0000000008008254                serial_init
                0x0000000008008260                serial_write
                0x000000000800827a                __io_putchar
                0x0000000008008296                serial_read
                0x00000000080082ca                serial_reset_read_buffer
 .text          0x00000000080082d8      0x378 /home/zg/gcc-arm-none-eabi-10-2020-q4-major/bin/../lib/gcc/arm-none-eabi/10.2.1/thumb/v7e-m/nofp/libgcc.a(_arm_addsubdf3.o)
                0x00000000080082d8                __aeabi_drsub
                0x00000000080082e0                __aeabi_dsub
                0x00000000080082e0                __subdf3
                0x00000000080082e4                __adddf3
                0x00000000080082e4                __aeabi_dadd
                0x000000000800855c                __aeabi_ui2d
                0x000000000800855c                __floatunsidf
                0x000000000800857c                __floatsidf
                0x000000000800857c                __aeabi_i2d
                0x00000000080085a0                __extendsfdf2
                0x00000000080085a0                __aeabi_f2d
                0x00000000080085e4                __aeabi_ul2d
                0x00000000080085e4                __floatundidf
                0x00000000080085f4                __floatdidf
                0x00000000080085f4                __aeabi_l2d
 .text          0x0000000008008650      0x424 /home/zg/gcc-arm-none-eabi-10-2020-q4-major/bin/../lib/gcc/arm-none-eabi/10.2.1/thumb/v7e-m/nofp/libgcc.a(_arm_muldivdf3.o)
                0x0000000008008650                __aeabi_dmul
                0x0000000008008650                __muldf3
                0x00000000080088a4                __aeabi_ddiv
                0x00000000080088a4                __divdf3
 .text          0x0000000008008a74      0x110 /home/zg/gcc-arm-none-eabi-10-2020-q4-major/bin/../lib/gcc/arm-none-eabi/10.2.1/thumb/v7e-m/nofp/libgcc.a(_arm_cmpdf2.o)
                0x0000000008008a74                __gtdf2
                0x0000000008008a74                __gedf2
                0x0000000008008a7c                __ltdf2
                0x0000000008008a7c                __ledf2
                0x0000000008008a84                __cmpdf2
                0x0000000008008a84                __eqdf2
                0x0000000008008a84                __nedf2
                0x0000000008008b00                __aeabi_cdrcmple
                0x0000000008008b10                __aeabi_cdcmple
                0x0000000008008b10                __aeabi_cdcmpeq
                0x0000000008008b20                __aeabi_dcmpeq
                0x0000000008008b34                __aeabi_dcmplt
                0x0000000008008b48                __aeabi_dcmple
                0x0000000008008b5c                __aeabi_dcmpge
                0x0000000008008b70                __aeabi_dcmpgt
 .text          0x0000000008008b84       0x2c /home/zg/gcc-arm-none-eabi-10-2020-q4-major/bin/../lib/gcc/arm-none-eabi/10.2.1/thumb/v7e-m/nofp/libgcc.a(_arm_unorddf2.o)
                0x0000000008008b84                __aeabi_dcmpun
                0x0000000008008b84                __unorddf2
 .text          0x0000000008008bb0       0x50 /home/zg/gcc-arm-none-eabi-10-2020-q4-major/bin/../lib/gcc/arm-none-eabi/10.2.1/thumb/v7e-m/nofp/libgcc.a(_arm_fixdfsi.o)
                0x0000000008008bb0                __fixdfsi
                0x0000000008008bb0                __aeabi_d2iz
 .text          0x0000000008008c00       0x40 /home/zg/gcc-arm-none-eabi-10-2020-q4-major/bin/../lib/gcc/arm-none-eabi/10.2.1/thumb/v7e-m/nofp/libgcc.a(_arm_fixunsdfsi.o)
                0x0000000008008c00                __fixunsdfsi
                0x0000000008008c00                __aeabi_d2uiz
 .text          0x0000000008008c40       0xa0 /home/zg/gcc-arm-none-eabi-10-2020-q4-major/bin/../lib/gcc/arm-none-eabi/10.2.1/thumb/v7e-m/nofp/libgcc.a(_arm_truncdfsf2.o)
                0x0000000008008c40                __aeabi_d2f
                0x0000000008008c40                __truncdfsf2
 .text          0x0000000008008ce0      0x21c /home/zg/gcc-arm-none-eabi-10-2020-q4-major/bin/../lib/gcc/arm-none-eabi/10.2.1/thumb/v7e-m/nofp/libgcc.a(_arm_addsubsf3.o)
                0x0000000008008ce0                __aeabi_frsub
                0x0000000008008ce8                __subsf3
                0x0000000008008ce8                __aeabi_fsub
                0x0000000008008cec                __aeabi_fadd
                0x0000000008008cec                __addsf3
                0x0000000008008e4c                __aeabi_ui2f
                0x0000000008008e4c                __floatunsisf
                0x0000000008008e54                __aeabi_i2f
                0x0000000008008e54                __floatsisf
                0x0000000008008e70                __floatundisf
                0x0000000008008e70                __aeabi_ul2f
                0x0000000008008e80                __floatdisf
                0x0000000008008e80                __aeabi_l2f
 .text          0x0000000008008efc      0x2a0 /home/zg/gcc-arm-none-eabi-10-2020-q4-major/bin/../lib/gcc/arm-none-eabi/10.2.1/thumb/v7e-m/nofp/libgcc.a(_arm_muldivsf3.o)
                0x0000000008008efc                __mulsf3
                0x0000000008008efc                __aeabi_fmul
                0x0000000008009064                __divsf3
                0x0000000008009064                __aeabi_fdiv
 .text          0x000000000800919c       0xec /home/zg/gcc-arm-none-eabi-10-2020-q4-major/bin/../lib/gcc/arm-none-eabi/10.2.1/thumb/v7e-m/nofp/libgcc.a(_arm_cmpsf2.o)
                0x000000000800919c                __gtsf2
                0x000000000800919c                __gesf2
                0x00000000080091a4                __lesf2
                0x00000000080091a4                __ltsf2
                0x00000000080091ac                __nesf2
                0x00000000080091ac                __eqsf2
                0x00000000080091ac                __cmpsf2
                0x000000000800920c                __aeabi_cfrcmple
                0x0000000008009214                __aeabi_cfcmple
                0x0000000008009214                __aeabi_cfcmpeq
                0x0000000008009224                __aeabi_fcmpeq
                0x0000000008009238                __aeabi_fcmplt
                0x000000000800924c                __aeabi_fcmple
                0x0000000008009260                __aeabi_fcmpge
                0x0000000008009274                __aeabi_fcmpgt
 .text          0x0000000008009288       0x4c /home/zg/gcc-arm-none-eabi-10-2020-q4-major/bin/../lib/gcc/arm-none-eabi/10.2.1/thumb/v7e-m/nofp/libgcc.a(_arm_fixsfsi.o)
                0x0000000008009288                __fixsfsi
                0x0000000008009288                __aeabi_f2iz
 *(.text*)
 .text.Reset_Handler
                0x00000000080092d4       0x50 ./board/start.o
                0x00000000080092d4                Reset_Handler
 .text.Default_Handler
                0x0000000008009324        0x2 ./board/start.o
                0x0000000008009324                RTC_Alarm_IRQHandler
                0x0000000008009324                HASH_RNG_IRQHandler
                0x0000000008009324                EXTI2_IRQHandler
                0x0000000008009324                TIM8_CC_IRQHandler
                0x0000000008009324                TIM1_CC_IRQHandler
                0x0000000008009324                DMA2_Stream5_IRQHandler
                0x0000000008009324                DMA1_Stream5_IRQHandler
                0x0000000008009324                PVD_IRQHandler
                0x0000000008009324                SDIO_IRQHandler
                0x0000000008009324                TAMP_STAMP_IRQHandler
                0x0000000008009324                CAN2_RX1_IRQHandler
                0x0000000008009324                EXTI3_IRQHandler
                0x0000000008009324                TIM8_TRG_COM_TIM14_IRQHandler
                0x0000000008009324                TIM1_UP_TIM10_IRQHandler
                0x0000000008009324                TIM8_UP_TIM13_IRQHandler
                0x0000000008009324                I2C3_ER_IRQHandler
                0x0000000008009324                EXTI0_IRQHandler
                0x0000000008009324                I2C2_EV_IRQHandler
                0x0000000008009324                DMA1_Stream2_IRQHandler
                0x0000000008009324                CAN1_RX0_IRQHandler
                0x0000000008009324                FPU_IRQHandler
                0x0000000008009324                OTG_HS_WKUP_IRQHandler
                0x0000000008009324                CAN2_SCE_IRQHandler
                0x0000000008009324                DMA2_Stream2_IRQHandler
                0x0000000008009324                SPI1_IRQHandler
                0x0000000008009324                TIM6_DAC_IRQHandler
                0x0000000008009324                TIM1_BRK_TIM9_IRQHandler
                0x0000000008009324                DCMI_IRQHandler
                0x0000000008009324                CAN2_RX0_IRQHandler
                0x0000000008009324                DMA2_Stream3_IRQHandler
                0x0000000008009324                USART6_IRQHandler
                0x0000000008009324                USART3_IRQHandler
                0x0000000008009324                CAN1_RX1_IRQHandler
                0x0000000008009324                UART5_IRQHandler
                0x0000000008009324                DMA2_Stream0_IRQHandler
                0x0000000008009324                TIM4_IRQHandler
                0x0000000008009324                I2C1_EV_IRQHandler
                0x0000000008009324                DMA1_Stream6_IRQHandler
                0x0000000008009324                DMA1_Stream1_IRQHandler
                0x0000000008009324                UART4_IRQHandler
                0x0000000008009324                TIM3_IRQHandler
                0x0000000008009324                RCC_IRQHandler
                0x0000000008009324                TIM8_BRK_TIM12_IRQHandler
                0x0000000008009324                Default_Handler
                0x0000000008009324                EXTI15_10_IRQHandler
                0x0000000008009324                ADC_IRQHandler
                0x0000000008009324                DMA1_Stream7_IRQHandler
                0x0000000008009324                TIM7_IRQHandler
                0x0000000008009324                CAN2_TX_IRQHandler
                0x0000000008009324                TIM5_IRQHandler
                0x0000000008009324                DMA2_Stream7_IRQHandler
                0x0000000008009324                I2C3_EV_IRQHandler
                0x0000000008009324                EXTI9_5_IRQHandler
                0x0000000008009324                RTC_WKUP_IRQHandler
                0x0000000008009324                ETH_WKUP_IRQHandler
                0x0000000008009324                SPI2_IRQHandler
                0x0000000008009324                OTG_HS_EP1_IN_IRQHandler
                0x0000000008009324                DMA1_Stream0_IRQHandler
                0x0000000008009324                CAN1_TX_IRQHandler
                0x0000000008009324                EXTI4_IRQHandler
                0x0000000008009324                FSMC_IRQHandler
                0x0000000008009324                ETH_IRQHandler
                0x0000000008009324                OTG_HS_EP1_OUT_IRQHandler
                0x0000000008009324                WWDG_IRQHandler
                0x0000000008009324                OTG_FS_WKUP_IRQHandler
                0x0000000008009324                TIM1_TRG_COM_TIM11_IRQHandler
                0x0000000008009324                OTG_HS_IRQHandler
                0x0000000008009324                EXTI1_IRQHandler
                0x0000000008009324                USART2_IRQHandler
                0x0000000008009324                I2C2_ER_IRQHandler
                0x0000000008009324                DMA2_Stream1_IRQHandler
                0x0000000008009324                CAN1_SCE_IRQHandler
                0x0000000008009324                FLASH_IRQHandler
                0x0000000008009324                DMA2_Stream4_IRQHandler
                0x0000000008009324                USART1_IRQHandler
                0x0000000008009324                OTG_FS_IRQHandler
                0x0000000008009324                SPI3_IRQHandler
                0x0000000008009324                DMA1_Stream4_IRQHandler
                0x0000000008009324                I2C1_ER_IRQHandler
                0x0000000008009324                DMA2_Stream6_IRQHandler
                0x0000000008009324                DMA1_Stream3_IRQHandler
 *fill*         0x0000000008009326        0x2 
 .text.ceil     0x0000000008009328       0xf8 /home/zg/gcc-arm-none-eabi-10-2020-q4-major/bin/../lib/gcc/arm-none-eabi/10.2.1/../../../../arm-none-eabi/lib/thumb/v7e-m/nofp/libm.a(lib_a-s_ceil.o)
                0x0000000008009328                ceil
 .text.cos      0x0000000008009420       0xa0 /home/zg/gcc-arm-none-eabi-10-2020-q4-major/bin/../lib/gcc/arm-none-eabi/10.2.1/../../../../arm-none-eabi/lib/thumb/v7e-m/nofp/libm.a(lib_a-s_cos.o)
                0x0000000008009420                cos
 .text.floor    0x00000000080094c0       0xf8 /home/zg/gcc-arm-none-eabi-10-2020-q4-major/bin/../lib/gcc/arm-none-eabi/10.2.1/../../../../arm-none-eabi/lib/thumb/v7e-m/nofp/libm.a(lib_a-s_floor.o)
                0x00000000080094c0                floor
 .text.lround   0x00000000080095b8       0xa4 /home/zg/gcc-arm-none-eabi-10-2020-q4-major/bin/../lib/gcc/arm-none-eabi/10.2.1/../../../../arm-none-eabi/lib/thumb/v7e-m/nofp/libm.a(lib_a-s_lround.o)
                0x00000000080095b8                lround
 .text.round    0x000000000800965c       0x94 /home/zg/gcc-arm-none-eabi-10-2020-q4-major/bin/../lib/gcc/arm-none-eabi/10.2.1/../../../../arm-none-eabi/lib/thumb/v7e-m/nofp/libm.a(lib_a-s_round.o)
                0x000000000800965c                round
 .text.sin      0x00000000080096f0       0xb0 /home/zg/gcc-arm-none-eabi-10-2020-q4-major/bin/../lib/gcc/arm-none-eabi/10.2.1/../../../../arm-none-eabi/lib/thumb/v7e-m/nofp/libm.a(lib_a-s_sin.o)
                0x00000000080096f0                sin
 .text.trunc    0x00000000080097a0       0x74 /home/zg/gcc-arm-none-eabi-10-2020-q4-major/bin/../lib/gcc/arm-none-eabi/10.2.1/../../../../arm-none-eabi/lib/thumb/v7e-m/nofp/libm.a(lib_a-s_trunc.o)
                0x00000000080097a0                trunc
 .text.atan2    0x0000000008009814        0x4 /home/zg/gcc-arm-none-eabi-10-2020-q4-major/bin/../lib/gcc/arm-none-eabi/10.2.1/../../../../arm-none-eabi/lib/thumb/v7e-m/nofp/libm.a(lib_a-w_atan2.o)
                0x0000000008009814                atan2
 .text.hypot    0x0000000008009818       0x5c /home/zg/gcc-arm-none-eabi-10-2020-q4-major/bin/../lib/gcc/arm-none-eabi/10.2.1/../../../../arm-none-eabi/lib/thumb/v7e-m/nofp/libm.a(lib_a-w_hypot.o)
                0x0000000008009818                hypot
 .text.sqrt     0x0000000008009874       0x5c /home/zg/gcc-arm-none-eabi-10-2020-q4-major/bin/../lib/gcc/arm-none-eabi/10.2.1/../../../../arm-none-eabi/lib/thumb/v7e-m/nofp/libm.a(lib_a-w_sqrt.o)
                0x0000000008009874                sqrt
 .text.__ieee754_atan2
                0x00000000080098d0      0x194 /home/zg/gcc-arm-none-eabi-10-2020-q4-major/bin/../lib/gcc/arm-none-eabi/10.2.1/../../../../arm-none-eabi/lib/thumb/v7e-m/nofp/libm.a(lib_a-e_atan2.o)
                0x00000000080098d0                __ieee754_atan2
 .text.__ieee754_hypot
                0x0000000008009a64      0x238 /home/zg/gcc-arm-none-eabi-10-2020-q4-major/bin/../lib/gcc/arm-none-eabi/10.2.1/../../../../arm-none-eabi/lib/thumb/v7e-m/nofp/libm.a(lib_a-e_hypot.o)
                0x0000000008009a64                __ieee754_hypot
 *fill*         0x0000000008009c9c        0x4 
 .text.__ieee754_rem_pio2
                0x0000000008009ca0      0x454 /home/zg/gcc-arm-none-eabi-10-2020-q4-major/bin/../lib/gcc/arm-none-eabi/10.2.1/../../../../arm-none-eabi/lib/thumb/v7e-m/nofp/libm.a(lib_a-e_rem_pio2.o)
                0x0000000008009ca0                __ieee754_rem_pio2
 .text.__ieee754_sqrt
                0x000000000800a0f4      0x18c /home/zg/gcc-arm-none-eabi-10-2020-q4-major/bin/../lib/gcc/arm-none-eabi/10.2.1/../../../../arm-none-eabi/lib/thumb/v7e-m/nofp/libm.a(lib_a-e_sqrt.o)
                0x000000000800a0f4                __ieee754_sqrt
 .text.__kernel_cos
                0x000000000800a280      0x260 /home/zg/gcc-arm-none-eabi-10-2020-q4-major/bin/../lib/gcc/arm-none-eabi/10.2.1/../../../../arm-none-eabi/lib/thumb/v7e-m/nofp/libm.a(lib_a-k_cos.o)
                0x000000000800a280                __kernel_cos
 .text.__kernel_rem_pio2
                0x000000000800a4e0      0x850 /home/zg/gcc-arm-none-eabi-10-2020-q4-major/bin/../lib/gcc/arm-none-eabi/10.2.1/../../../../arm-none-eabi/lib/thumb/v7e-m/nofp/libm.a(lib_a-k_rem_pio2.o)
                0x000000000800a4e0                __kernel_rem_pio2
 .text.__kernel_sin
                0x000000000800ad30      0x184 /home/zg/gcc-arm-none-eabi-10-2020-q4-major/bin/../lib/gcc/arm-none-eabi/10.2.1/../../../../arm-none-eabi/lib/thumb/v7e-m/nofp/libm.a(lib_a-k_sin.o)
                0x000000000800ad30                __kernel_sin
 *fill*         0x000000000800aeb4        0x4 
 .text.atan     0x000000000800aeb8      0x32c /home/zg/gcc-arm-none-eabi-10-2020-q4-major/bin/../lib/gcc/arm-none-eabi/10.2.1/../../../../arm-none-eabi/lib/thumb/v7e-m/nofp/libm.a(lib_a-s_atan.o)
                0x000000000800aeb8                atan
 .text.fabs     0x000000000800b1e4        0x8 /home/zg/gcc-arm-none-eabi-10-2020-q4-major/bin/../lib/gcc/arm-none-eabi/10.2.1/../../../../arm-none-eabi/lib/thumb/v7e-m/nofp/libm.a(lib_a-s_fabs.o)
                0x000000000800b1e4                fabs
 .text.finite   0x000000000800b1ec        0xc /home/zg/gcc-arm-none-eabi-10-2020-q4-major/bin/../lib/gcc/arm-none-eabi/10.2.1/../../../../arm-none-eabi/lib/thumb/v7e-m/nofp/libm.a(lib_a-s_finite.o)
                0x000000000800b1ec                finite
 .text.scalbn   0x000000000800b1f8       0xf4 /home/zg/gcc-arm-none-eabi-10-2020-q4-major/bin/../lib/gcc/arm-none-eabi/10.2.1/../../../../arm-none-eabi/lib/thumb/v7e-m/nofp/libm.a(lib_a-s_scalbn.o)
                0x000000000800b1f8                scalbn
 .text.__errno  0x000000000800b2ec        0xc /home/zg/gcc-arm-none-eabi-10-2020-q4-major/bin/../lib/gcc/arm-none-eabi/10.2.1/../../../../arm-none-eabi/lib/thumb/v7e-m/nofp/libg.a(lib_a-errno.o)
                0x000000000800b2ec                __errno
 .text.__libc_init_array
                0x000000000800b2f8       0x48 /home/zg/gcc-arm-none-eabi-10-2020-q4-major/bin/../lib/gcc/arm-none-eabi/10.2.1/../../../../arm-none-eabi/lib/thumb/v7e-m/nofp/libg.a(lib_a-init.o)
                0x000000000800b2f8                __libc_init_array
 .text.memset   0x000000000800b340       0xa4 /home/zg/gcc-arm-none-eabi-10-2020-q4-major/bin/../lib/gcc/arm-none-eabi/10.2.1/../../../../arm-none-eabi/lib/thumb/v7e-m/nofp/libg.a(lib_a-memset.o)
                0x000000000800b340                memset
 .text.startup.register_fini
                0x000000000800b3e4       0x14 /home/zg/gcc-arm-none-eabi-10-2020-q4-major/bin/../lib/gcc/arm-none-eabi/10.2.1/../../../../arm-none-eabi/lib/thumb/v7e-m/nofp/libg.a(lib_a-__call_atexit.o)
 .text.atexit   0x000000000800b3f8        0xc /home/zg/gcc-arm-none-eabi-10-2020-q4-major/bin/../lib/gcc/arm-none-eabi/10.2.1/../../../../arm-none-eabi/lib/thumb/v7e-m/nofp/libg.a(lib_a-atexit.o)
                0x000000000800b3f8                atexit
 .text.__libc_fini_array
                0x000000000800b404       0x2c /home/zg/gcc-arm-none-eabi-10-2020-q4-major/bin/../lib/gcc/arm-none-eabi/10.2.1/../../../../arm-none-eabi/lib/thumb/v7e-m/nofp/libg.a(lib_a-fini.o)
                0x000000000800b404                __libc_fini_array
 .text.__retarget_lock_acquire_recursive
                0x000000000800b430        0x4 /home/zg/gcc-arm-none-eabi-10-2020-q4-major/bin/../lib/gcc/arm-none-eabi/10.2.1/../../../../arm-none-eabi/lib/thumb/v7e-m/nofp/libg.a(lib_a-lock.o)
                0x000000000800b430                __retarget_lock_acquire_recursive
 .text.__retarget_lock_release_recursive
                0x000000000800b434        0x4 /home/zg/gcc-arm-none-eabi-10-2020-q4-major/bin/../lib/gcc/arm-none-eabi/10.2.1/../../../../arm-none-eabi/lib/thumb/v7e-m/nofp/libg.a(lib_a-lock.o)
                0x000000000800b434                __retarget_lock_release_recursive
 .text.__register_exitproc
                0x000000000800b438       0x8c /home/zg/gcc-arm-none-eabi-10-2020-q4-major/bin/../lib/gcc/arm-none-eabi/10.2.1/../../../../arm-none-eabi/lib/thumb/v7e-m/nofp/libg.a(lib_a-__atexit.o)
                0x000000000800b438                __register_exitproc
 *(.glue_7)
 .glue_7        0x000000000800b4c4        0x0 linker stubs
 *(.glue_7t)
 .glue_7t       0x000000000800b4c4        0x0 linker stubs
 *(.eh_frame)
 .eh_frame      0x000000000800b4c4        0x0 /home/zg/gcc-arm-none-eabi-10-2020-q4-major/bin/../lib/gcc/arm-none-eabi/10.2.1/thumb/v7e-m/nofp/crtbegin.o
 *(.init)
 .init          0x000000000800b4c4        0x4 /home/zg/gcc-arm-none-eabi-10-2020-q4-major/bin/../lib/gcc/arm-none-eabi/10.2.1/thumb/v7e-m/nofp/crti.o
                0x000000000800b4c4                _init
 .init          0x000000000800b4c8        0x8 /home/zg/gcc-arm-none-eabi-10-2020-q4-major/bin/../lib/gcc/arm-none-eabi/10.2.1/thumb/v7e-m/nofp/crtn.o
 *(.fini)
 .fini          0x000000000800b4d0        0x4 /home/zg/gcc-arm-none-eabi-10-2020-q4-major/bin/../lib/gcc/arm-none-eabi/10.2.1/thumb/v7e-m/nofp/crti.o
                0x000000000800b4d0                _fini
 .fini          0x000000000800b4d4        0x8 /home/zg/gcc-arm-none-eabi-10-2020-q4-major/bin/../lib/gcc/arm-none-eabi/10.2.1/thumb/v7e-m/nofp/crtn.o
                0x000000000800b4dc                . = ALIGN (0x4)
                0x000000000800b4dc                _etext = .

.vfp11_veneer   0x000000000800b4dc        0x0
 .vfp11_veneer  0x000000000800b4dc        0x0 linker stubs

.v4_bx          0x000000000800b4dc        0x0
 .v4_bx         0x000000000800b4dc        0x0 linker stubs

.iplt           0x000000000800b4dc        0x0
 .iplt          0x000000000800b4dc        0x0 /home/zg/gcc-arm-none-eabi-10-2020-q4-major/bin/../lib/gcc/arm-none-eabi/10.2.1/thumb/v7e-m/nofp/crtbegin.o

.rodata         0x000000000800b4e0      0xadc
                0x000000000800b4e0                . = ALIGN (0x4)
 *(.rodata)
 .rodata        0x000000000800b4e0      0x6e4 ./grbl/grbl-master/report.o
 .rodata        0x000000000800bbc4       0x10 ./hal/src/stm32f4xx_hal_rcc.o
                0x000000000800bbc4                APBAHBPrescTable
 .rodata        0x000000000800bbd4      0x198 ./board/gpio.o
 *(.rodata*)
 *fill*         0x000000000800bd6c        0x4 
 .rodata.CSWTCH.8
                0x000000000800bd70       0x18 /home/zg/gcc-arm-none-eabi-10-2020-q4-major/bin/../lib/gcc/arm-none-eabi/10.2.1/../../../../arm-none-eabi/lib/thumb/v7e-m/nofp/libm.a(lib_a-e_atan2.o)
 .rodata.CSWTCH.9
                0x000000000800bd88       0x18 /home/zg/gcc-arm-none-eabi-10-2020-q4-major/bin/../lib/gcc/arm-none-eabi/10.2.1/../../../../arm-none-eabi/lib/thumb/v7e-m/nofp/libm.a(lib_a-e_atan2.o)
 .rodata.npio2_hw
                0x000000000800bda0       0x80 /home/zg/gcc-arm-none-eabi-10-2020-q4-major/bin/../lib/gcc/arm-none-eabi/10.2.1/../../../../arm-none-eabi/lib/thumb/v7e-m/nofp/libm.a(lib_a-e_rem_pio2.o)
 .rodata.two_over_pi
                0x000000000800be20      0x108 /home/zg/gcc-arm-none-eabi-10-2020-q4-major/bin/../lib/gcc/arm-none-eabi/10.2.1/../../../../arm-none-eabi/lib/thumb/v7e-m/nofp/libm.a(lib_a-e_rem_pio2.o)
 .rodata.PIo2   0x000000000800bf28       0x40 /home/zg/gcc-arm-none-eabi-10-2020-q4-major/bin/../lib/gcc/arm-none-eabi/10.2.1/../../../../arm-none-eabi/lib/thumb/v7e-m/nofp/libm.a(lib_a-k_rem_pio2.o)
 .rodata.init_jk
                0x000000000800bf68       0x10 /home/zg/gcc-arm-none-eabi-10-2020-q4-major/bin/../lib/gcc/arm-none-eabi/10.2.1/../../../../arm-none-eabi/lib/thumb/v7e-m/nofp/libm.a(lib_a-k_rem_pio2.o)
 .rodata.atanhi
                0x000000000800bf78       0x20 /home/zg/gcc-arm-none-eabi-10-2020-q4-major/bin/../lib/gcc/arm-none-eabi/10.2.1/../../../../arm-none-eabi/lib/thumb/v7e-m/nofp/libm.a(lib_a-s_atan.o)
 .rodata.atanlo
                0x000000000800bf98       0x20 /home/zg/gcc-arm-none-eabi-10-2020-q4-major/bin/../lib/gcc/arm-none-eabi/10.2.1/../../../../arm-none-eabi/lib/thumb/v7e-m/nofp/libm.a(lib_a-s_atan.o)
 .rodata._global_impure_ptr
                0x000000000800bfb8        0x4 /home/zg/gcc-arm-none-eabi-10-2020-q4-major/bin/../lib/gcc/arm-none-eabi/10.2.1/../../../../arm-none-eabi/lib/thumb/v7e-m/nofp/libg.a(lib_a-impure.o)
                0x000000000800bfb8                _global_impure_ptr
                0x000000000800bfbc                . = ALIGN (0x4)

.rel.dyn        0x000000000800bfbc        0x0
 .rel.iplt      0x000000000800bfbc        0x0 /home/zg/gcc-arm-none-eabi-10-2020-q4-major/bin/../lib/gcc/arm-none-eabi/10.2.1/thumb/v7e-m/nofp/crtbegin.o

.ARM.extab
 *(.ARM.extab* .gnu.linkonce.armextab.*)

.ARM            0x000000000800bfbc        0x0
                0x000000000800bfbc                __exidx_start = .
 *(.ARM.exidx*)
                0x000000000800bfbc                __exidx_end = .

.preinit_array  0x000000000800bfbc        0x0
                0x000000000800bfbc                PROVIDE (__preinit_array_start = .)
 *(.preinit_array*)
                0x000000000800bfbc                PROVIDE (__preinit_array_end = .)

.init_array     0x000000000800bfbc        0x8
                0x000000000800bfbc                PROVIDE (__init_array_start = .)
 *(SORT_BY_NAME(.init_array.*))
 .init_array.00000
                0x000000000800bfbc        0x4 /home/zg/gcc-arm-none-eabi-10-2020-q4-major/bin/../lib/gcc/arm-none-eabi/10.2.1/../../../../arm-none-eabi/lib/thumb/v7e-m/nofp/libg.a(lib_a-__call_atexit.o)
 *(.init_array*)
 .init_array    0x000000000800bfc0        0x4 /home/zg/gcc-arm-none-eabi-10-2020-q4-major/bin/../lib/gcc/arm-none-eabi/10.2.1/thumb/v7e-m/nofp/crtbegin.o
                0x000000000800bfc4                PROVIDE (__init_array_end = .)

.fini_array     0x000000000800bfc4        0x4
                0x000000000800bfc4                PROVIDE (__fini_array_start = .)
 *(SORT_BY_NAME(.fini_array.*))
 *(.fini_array*)
 .fini_array    0x000000000800bfc4        0x4 /home/zg/gcc-arm-none-eabi-10-2020-q4-major/bin/../lib/gcc/arm-none-eabi/10.2.1/thumb/v7e-m/nofp/crtbegin.o
                0x000000000800bfc8                PROVIDE (__fini_array_end = .)
                0x000000000800bfc8                _sidata = LOADADDR (.data)

.data           0x0000000020000000      0x44c load address 0x000000000800bfc8
                0x0000000020000000                . = ALIGN (0x4)
                0x0000000020000000                _sdata = .
 *(.data)
 .data          0x0000000020000000       0x14 ./board/system_stm32f4xx.o
                0x0000000020000000                SystemCoreClock
                0x0000000020000004                AHBPrescTable
 *(.data*)
 .data.__fdlib_version
                0x0000000020000014        0x1 /home/zg/gcc-arm-none-eabi-10-2020-q4-major/bin/../lib/gcc/arm-none-eabi/10.2.1/../../../../arm-none-eabi/lib/thumb/v7e-m/nofp/libm.a(lib_a-s_lib_ver.o)
                0x0000000020000014                __fdlib_version
 *fill*         0x0000000020000015        0x3 
 .data._impure_ptr
                0x0000000020000018        0x4 /home/zg/gcc-arm-none-eabi-10-2020-q4-major/bin/../lib/gcc/arm-none-eabi/10.2.1/../../../../arm-none-eabi/lib/thumb/v7e-m/nofp/libg.a(lib_a-impure.o)
                0x0000000020000018                _impure_ptr
 *fill*         0x000000002000001c        0x4 
 .data.impure_data
                0x0000000020000020      0x428 /home/zg/gcc-arm-none-eabi-10-2020-q4-major/bin/../lib/gcc/arm-none-eabi/10.2.1/../../../../arm-none-eabi/lib/thumb/v7e-m/nofp/libg.a(lib_a-impure.o)
 .data.__atexit_recursive_mutex
                0x0000000020000448        0x4 /home/zg/gcc-arm-none-eabi-10-2020-q4-major/bin/../lib/gcc/arm-none-eabi/10.2.1/../../../../arm-none-eabi/lib/thumb/v7e-m/nofp/libg.a(lib_a-__call_atexit.o)
                0x0000000020000448                __atexit_recursive_mutex
                0x000000002000044c                . = ALIGN (0x4)
                0x000000002000044c                _edata = .
                0x000000000800c414                _siccmram = LOADADDR (.ccmram)

.igot.plt       0x000000002000044c        0x0 load address 0x000000000800c414
 .igot.plt      0x000000002000044c        0x0 /home/zg/gcc-arm-none-eabi-10-2020-q4-major/bin/../lib/gcc/arm-none-eabi/10.2.1/thumb/v7e-m/nofp/crtbegin.o

.ccmram         0x0000000010000000        0x0 load address 0x000000000800c414
                0x0000000010000000                . = ALIGN (0x4)
                0x0000000010000000                _sccmram = .
 *(.ccmram)
 *(.ccmram*)
                0x0000000010000000                . = ALIGN (0x4)
                0x0000000010000000                _eccmram = .
                0x0000000010000000                . = ALIGN (0x4)

.bss            0x000000002000044c      0xab8
                0x000000002000044c                _sbss = .
                0x000000002000044c                __bss_start__ = _sbss
 *(.bss)
 .bss           0x000000002000044c       0x1c /home/zg/gcc-arm-none-eabi-10-2020-q4-major/bin/../lib/gcc/arm-none-eabi/10.2.1/thumb/v7e-m/nofp/crtbegin.o
 .bss           0x0000000020000468        0x1 ./grbl/grbl-master/coolant_control.o
 *fill*         0x0000000020000469        0x3 
 .bss           0x000000002000046c      0x404 ./grbl/grbl-master/eeprom.o
 .bss           0x0000000020000870       0x38 ./grbl/grbl-master/gcode.o
                0x0000000020000870                gc
 .bss           0x00000000200008a8       0x14 ./grbl/grbl-master/main.o
                0x00000000200008a8                sys
 .bss           0x00000000200008bc      0x4a0 ./grbl/grbl-master/planner.o
 .bss           0x0000000020000d5c      0x102 ./grbl/grbl-master/protocol.o
 *fill*         0x0000000020000e5e        0x2 
 .bss           0x0000000020000e60       0x40 ./grbl/grbl-master/settings.o
                0x0000000020000e60                settings
 .bss           0x0000000020000ea0        0x1 ./grbl/grbl-master/spindle_control.o
 *fill*         0x0000000020000ea1        0x3 
 .bss           0x0000000020000ea4       0x2e ./grbl/grbl-master/stepper.o
 *fill*         0x0000000020000ed2        0x2 
 .bss           0x0000000020000ed4        0x4 ./grbl/grbl-master/afl_call.o
                0x0000000020000ed4                noHyperCall
 .bss           0x0000000020000ed8        0x4 ./hal/src/stm32f4xx_hal.o
 .bss           0x0000000020000edc        0x8 ./board/main.o
                0x0000000020000edc                limits_enabled
                0x0000000020000ee0                buttons_enabled
 .bss           0x0000000020000ee4       0x1c ./board/debounce.o
 *(.bss*)
 .bss.__lock___atexit_recursive_mutex
                0x0000000020000f00        0x1 /home/zg/gcc-arm-none-eabi-10-2020-q4-major/bin/../lib/gcc/arm-none-eabi/10.2.1/../../../../arm-none-eabi/lib/thumb/v7e-m/nofp/libg.a(lib_a-lock.o)
                0x0000000020000f00                __lock___atexit_recursive_mutex
 *(COMMON)
                0x0000000020000f04                . = ALIGN (0x4)
 *fill*         0x0000000020000f01        0x3 
                0x0000000020000f04                _ebss = .
                0x0000000020000f04                __bss_end__ = _ebss

._user_heap_stack
                0x0000000020000f04      0x600
                0x0000000020000f04                . = ALIGN (0x4)
                0x0000000020000f04                PROVIDE (end = .)
                [!provide]                        PROVIDE (_end = .)
                0x0000000020001104                . = (. + _Min_Heap_Size)
 *fill*         0x0000000020000f04      0x200 
                0x0000000020001504                . = (. + _Min_Stack_Size)
 *fill*         0x0000000020001104      0x400 
                0x0000000020001504                . = ALIGN (0x4)

/DISCARD/
 libc.a(*)
 libm.a(*)
 libgcc.a(*)

.ARM.attributes
                0x0000000000000000       0x2a
 *(.ARM.attributes)
 .ARM.attributes
                0x0000000000000000       0x1e /home/zg/gcc-arm-none-eabi-10-2020-q4-major/bin/../lib/gcc/arm-none-eabi/10.2.1/thumb/v7e-m/nofp/crti.o
 .ARM.attributes
                0x000000000000001e       0x2e /home/zg/gcc-arm-none-eabi-10-2020-q4-major/bin/../lib/gcc/arm-none-eabi/10.2.1/thumb/v7e-m/nofp/crtbegin.o
 .ARM.attributes
                0x000000000000004c       0x2e ./grbl/grbl-master/coolant_control.o
 .ARM.attributes
                0x000000000000007a       0x2e ./grbl/grbl-master/delay.o
 .ARM.attributes
                0x00000000000000a8       0x2e ./grbl/grbl-master/eeprom.o
 .ARM.attributes
                0x00000000000000d6       0x2e ./grbl/grbl-master/gcode.o
 .ARM.attributes
                0x0000000000000104       0x2e ./grbl/grbl-master/limits.o
 .ARM.attributes
                0x0000000000000132       0x2e ./grbl/grbl-master/main.o
 .ARM.attributes
                0x0000000000000160       0x2e ./grbl/grbl-master/motion_control.o
 .ARM.attributes
                0x000000000000018e       0x2e ./grbl/grbl-master/nuts_bolts.o
 .ARM.attributes
                0x00000000000001bc       0x2e ./grbl/grbl-master/planner.o
 .ARM.attributes
                0x00000000000001ea       0x2e ./grbl/grbl-master/print.o
 .ARM.attributes
                0x0000000000000218       0x2e ./grbl/grbl-master/protocol.o
 .ARM.attributes
                0x0000000000000246       0x2e ./grbl/grbl-master/report.o
 .ARM.attributes
                0x0000000000000274       0x2e ./grbl/grbl-master/settings.o
 .ARM.attributes
                0x00000000000002a2       0x2e ./grbl/grbl-master/spindle_control.o
 .ARM.attributes
                0x00000000000002d0       0x2e ./grbl/grbl-master/stepper.o
 .ARM.attributes
                0x00000000000002fe       0x2e ./grbl/grbl-master/serial.o
 .ARM.attributes
                0x000000000000032c       0x2e ./grbl/grbl-master/afl_call.o
 .ARM.attributes
                0x000000000000035a       0x2e ./hal/src/stm32f4xx_hal.o
 .ARM.attributes
                0x0000000000000388       0x2e ./hal/src/stm32f4xx_hal_rcc.o
 .ARM.attributes
                0x00000000000003b6       0x2e ./hal/src/stm32f4xx_hal_cortex.o
 .ARM.attributes
                0x00000000000003e4       0x2e ./hal/src/stm32f4xx_hal_gpio.o
 .ARM.attributes
                0x0000000000000412       0x2e ./board/main.o
 .ARM.attributes
                0x0000000000000440       0x2e ./board/system_stm32f4xx.o
 .ARM.attributes
                0x000000000000046e       0x2e ./board/stm32f4xx_it.o
 .ARM.attributes
                0x000000000000049c       0x2e ./board/gpio.o
 .ARM.attributes
                0x00000000000004ca       0x2e ./board/debounce.o
 .ARM.attributes
                0x00000000000004f8       0x2e ./board/timers.o
 .ARM.attributes
                0x0000000000000526       0x2e ./board/usart.o
 .ARM.attributes
                0x0000000000000554       0x21 ./board/start.o
 .ARM.attributes
                0x0000000000000575       0x2e /home/zg/gcc-arm-none-eabi-10-2020-q4-major/bin/../lib/gcc/arm-none-eabi/10.2.1/../../../../arm-none-eabi/lib/thumb/v7e-m/nofp/libm.a(lib_a-s_ceil.o)
 .ARM.attributes
                0x00000000000005a3       0x2e /home/zg/gcc-arm-none-eabi-10-2020-q4-major/bin/../lib/gcc/arm-none-eabi/10.2.1/../../../../arm-none-eabi/lib/thumb/v7e-m/nofp/libm.a(lib_a-s_cos.o)
 .ARM.attributes
                0x00000000000005d1       0x2e /home/zg/gcc-arm-none-eabi-10-2020-q4-major/bin/../lib/gcc/arm-none-eabi/10.2.1/../../../../arm-none-eabi/lib/thumb/v7e-m/nofp/libm.a(lib_a-s_floor.o)
 .ARM.attributes
                0x00000000000005ff       0x2e /home/zg/gcc-arm-none-eabi-10-2020-q4-major/bin/../lib/gcc/arm-none-eabi/10.2.1/../../../../arm-none-eabi/lib/thumb/v7e-m/nofp/libm.a(lib_a-s_lround.o)
 .ARM.attributes
                0x000000000000062d       0x2e /home/zg/gcc-arm-none-eabi-10-2020-q4-major/bin/../lib/gcc/arm-none-eabi/10.2.1/../../../../arm-none-eabi/lib/thumb/v7e-m/nofp/libm.a(lib_a-s_round.o)
 .ARM.attributes
                0x000000000000065b       0x2e /home/zg/gcc-arm-none-eabi-10-2020-q4-major/bin/../lib/gcc/arm-none-eabi/10.2.1/../../../../arm-none-eabi/lib/thumb/v7e-m/nofp/libm.a(lib_a-s_sin.o)
 .ARM.attributes
                0x0000000000000689       0x2e /home/zg/gcc-arm-none-eabi-10-2020-q4-major/bin/../lib/gcc/arm-none-eabi/10.2.1/../../../../arm-none-eabi/lib/thumb/v7e-m/nofp/libm.a(lib_a-s_trunc.o)
 .ARM.attributes
                0x00000000000006b7       0x2e /home/zg/gcc-arm-none-eabi-10-2020-q4-major/bin/../lib/gcc/arm-none-eabi/10.2.1/../../../../arm-none-eabi/lib/thumb/v7e-m/nofp/libm.a(lib_a-w_atan2.o)
 .ARM.attributes
                0x00000000000006e5       0x2e /home/zg/gcc-arm-none-eabi-10-2020-q4-major/bin/../lib/gcc/arm-none-eabi/10.2.1/../../../../arm-none-eabi/lib/thumb/v7e-m/nofp/libm.a(lib_a-w_hypot.o)
 .ARM.attributes
                0x0000000000000713       0x2e /home/zg/gcc-arm-none-eabi-10-2020-q4-major/bin/../lib/gcc/arm-none-eabi/10.2.1/../../../../arm-none-eabi/lib/thumb/v7e-m/nofp/libm.a(lib_a-w_sqrt.o)
 .ARM.attributes
                0x0000000000000741       0x2e /home/zg/gcc-arm-none-eabi-10-2020-q4-major/bin/../lib/gcc/arm-none-eabi/10.2.1/../../../../arm-none-eabi/lib/thumb/v7e-m/nofp/libm.a(lib_a-e_atan2.o)
 .ARM.attributes
                0x000000000000076f       0x2e /home/zg/gcc-arm-none-eabi-10-2020-q4-major/bin/../lib/gcc/arm-none-eabi/10.2.1/../../../../arm-none-eabi/lib/thumb/v7e-m/nofp/libm.a(lib_a-e_hypot.o)
 .ARM.attributes
                0x000000000000079d       0x2e /home/zg/gcc-arm-none-eabi-10-2020-q4-major/bin/../lib/gcc/arm-none-eabi/10.2.1/../../../../arm-none-eabi/lib/thumb/v7e-m/nofp/libm.a(lib_a-e_rem_pio2.o)
 .ARM.attributes
                0x00000000000007cb       0x2e /home/zg/gcc-arm-none-eabi-10-2020-q4-major/bin/../lib/gcc/arm-none-eabi/10.2.1/../../../../arm-none-eabi/lib/thumb/v7e-m/nofp/libm.a(lib_a-e_sqrt.o)
 .ARM.attributes
                0x00000000000007f9       0x2e /home/zg/gcc-arm-none-eabi-10-2020-q4-major/bin/../lib/gcc/arm-none-eabi/10.2.1/../../../../arm-none-eabi/lib/thumb/v7e-m/nofp/libm.a(lib_a-k_cos.o)
 .ARM.attributes
                0x0000000000000827       0x2e /home/zg/gcc-arm-none-eabi-10-2020-q4-major/bin/../lib/gcc/arm-none-eabi/10.2.1/../../../../arm-none-eabi/lib/thumb/v7e-m/nofp/libm.a(lib_a-k_rem_pio2.o)
 .ARM.attributes
                0x0000000000000855       0x2e /home/zg/gcc-arm-none-eabi-10-2020-q4-major/bin/../lib/gcc/arm-none-eabi/10.2.1/../../../../arm-none-eabi/lib/thumb/v7e-m/nofp/libm.a(lib_a-k_sin.o)
 .ARM.attributes
                0x0000000000000883       0x2e /home/zg/gcc-arm-none-eabi-10-2020-q4-major/bin/../lib/gcc/arm-none-eabi/10.2.1/../../../../arm-none-eabi/lib/thumb/v7e-m/nofp/libm.a(lib_a-s_atan.o)
 .ARM.attributes
                0x00000000000008b1       0x2e /home/zg/gcc-arm-none-eabi-10-2020-q4-major/bin/../lib/gcc/arm-none-eabi/10.2.1/../../../../arm-none-eabi/lib/thumb/v7e-m/nofp/libm.a(lib_a-s_fabs.o)
 .ARM.attributes
                0x00000000000008df       0x2e /home/zg/gcc-arm-none-eabi-10-2020-q4-major/bin/../lib/gcc/arm-none-eabi/10.2.1/../../../../arm-none-eabi/lib/thumb/v7e-m/nofp/libm.a(lib_a-s_finite.o)
 .ARM.attributes
                0x000000000000090d       0x2e /home/zg/gcc-arm-none-eabi-10-2020-q4-major/bin/../lib/gcc/arm-none-eabi/10.2.1/../../../../arm-none-eabi/lib/thumb/v7e-m/nofp/libm.a(lib_a-s_lib_ver.o)
 .ARM.attributes
                0x000000000000093b       0x2e /home/zg/gcc-arm-none-eabi-10-2020-q4-major/bin/../lib/gcc/arm-none-eabi/10.2.1/../../../../arm-none-eabi/lib/thumb/v7e-m/nofp/libm.a(lib_a-s_scalbn.o)
 .ARM.attributes
                0x0000000000000969       0x1e /home/zg/gcc-arm-none-eabi-10-2020-q4-major/bin/../lib/gcc/arm-none-eabi/10.2.1/thumb/v7e-m/nofp/libgcc.a(_arm_addsubdf3.o)
 .ARM.attributes
                0x0000000000000987       0x1e /home/zg/gcc-arm-none-eabi-10-2020-q4-major/bin/../lib/gcc/arm-none-eabi/10.2.1/thumb/v7e-m/nofp/libgcc.a(_arm_muldivdf3.o)
 .ARM.attributes
                0x00000000000009a5       0x1e /home/zg/gcc-arm-none-eabi-10-2020-q4-major/bin/../lib/gcc/arm-none-eabi/10.2.1/thumb/v7e-m/nofp/libgcc.a(_arm_cmpdf2.o)
 .ARM.attributes
                0x00000000000009c3       0x1e /home/zg/gcc-arm-none-eabi-10-2020-q4-major/bin/../lib/gcc/arm-none-eabi/10.2.1/thumb/v7e-m/nofp/libgcc.a(_arm_unorddf2.o)
 .ARM.attributes
                0x00000000000009e1       0x1e /home/zg/gcc-arm-none-eabi-10-2020-q4-major/bin/../lib/gcc/arm-none-eabi/10.2.1/thumb/v7e-m/nofp/libgcc.a(_arm_fixdfsi.o)
 .ARM.attributes
                0x00000000000009ff       0x1e /home/zg/gcc-arm-none-eabi-10-2020-q4-major/bin/../lib/gcc/arm-none-eabi/10.2.1/thumb/v7e-m/nofp/libgcc.a(_arm_fixunsdfsi.o)
 .ARM.attributes
                0x0000000000000a1d       0x1e /home/zg/gcc-arm-none-eabi-10-2020-q4-major/bin/../lib/gcc/arm-none-eabi/10.2.1/thumb/v7e-m/nofp/libgcc.a(_arm_truncdfsf2.o)
 .ARM.attributes
                0x0000000000000a3b       0x1e /home/zg/gcc-arm-none-eabi-10-2020-q4-major/bin/../lib/gcc/arm-none-eabi/10.2.1/thumb/v7e-m/nofp/libgcc.a(_arm_addsubsf3.o)
 .ARM.attributes
                0x0000000000000a59       0x1e /home/zg/gcc-arm-none-eabi-10-2020-q4-major/bin/../lib/gcc/arm-none-eabi/10.2.1/thumb/v7e-m/nofp/libgcc.a(_arm_muldivsf3.o)
 .ARM.attributes
                0x0000000000000a77       0x1e /home/zg/gcc-arm-none-eabi-10-2020-q4-major/bin/../lib/gcc/arm-none-eabi/10.2.1/thumb/v7e-m/nofp/libgcc.a(_arm_cmpsf2.o)
 .ARM.attributes
                0x0000000000000a95       0x1e /home/zg/gcc-arm-none-eabi-10-2020-q4-major/bin/../lib/gcc/arm-none-eabi/10.2.1/thumb/v7e-m/nofp/libgcc.a(_arm_fixsfsi.o)
 .ARM.attributes
                0x0000000000000ab3       0x2e /home/zg/gcc-arm-none-eabi-10-2020-q4-major/bin/../lib/gcc/arm-none-eabi/10.2.1/../../../../arm-none-eabi/lib/thumb/v7e-m/nofp/libg.a(lib_a-errno.o)
 .ARM.attributes
                0x0000000000000ae1       0x2e /home/zg/gcc-arm-none-eabi-10-2020-q4-major/bin/../lib/gcc/arm-none-eabi/10.2.1/../../../../arm-none-eabi/lib/thumb/v7e-m/nofp/libg.a(lib_a-impure.o)
 .ARM.attributes
                0x0000000000000b0f       0x2e /home/zg/gcc-arm-none-eabi-10-2020-q4-major/bin/../lib/gcc/arm-none-eabi/10.2.1/../../../../arm-none-eabi/lib/thumb/v7e-m/nofp/libg.a(lib_a-init.o)
 .ARM.attributes
                0x0000000000000b3d       0x2e /home/zg/gcc-arm-none-eabi-10-2020-q4-major/bin/../lib/gcc/arm-none-eabi/10.2.1/../../../../arm-none-eabi/lib/thumb/v7e-m/nofp/libg.a(lib_a-memset.o)
 .ARM.attributes
                0x0000000000000b6b       0x2e /home/zg/gcc-arm-none-eabi-10-2020-q4-major/bin/../lib/gcc/arm-none-eabi/10.2.1/../../../../arm-none-eabi/lib/thumb/v7e-m/nofp/libg.a(lib_a-__call_atexit.o)
 .ARM.attributes
                0x0000000000000b99       0x2e /home/zg/gcc-arm-none-eabi-10-2020-q4-major/bin/../lib/gcc/arm-none-eabi/10.2.1/../../../../arm-none-eabi/lib/thumb/v7e-m/nofp/libg.a(lib_a-atexit.o)
 .ARM.attributes
                0x0000000000000bc7       0x2e /home/zg/gcc-arm-none-eabi-10-2020-q4-major/bin/../lib/gcc/arm-none-eabi/10.2.1/../../../../arm-none-eabi/lib/thumb/v7e-m/nofp/libg.a(lib_a-fini.o)
 .ARM.attributes
                0x0000000000000bf5       0x2e /home/zg/gcc-arm-none-eabi-10-2020-q4-major/bin/../lib/gcc/arm-none-eabi/10.2.1/../../../../arm-none-eabi/lib/thumb/v7e-m/nofp/libg.a(lib_a-lock.o)
 .ARM.attributes
                0x0000000000000c23       0x2e /home/zg/gcc-arm-none-eabi-10-2020-q4-major/bin/../lib/gcc/arm-none-eabi/10.2.1/../../../../arm-none-eabi/lib/thumb/v7e-m/nofp/libg.a(lib_a-__atexit.o)
 .ARM.attributes
                0x0000000000000c51       0x1e /home/zg/gcc-arm-none-eabi-10-2020-q4-major/bin/../lib/gcc/arm-none-eabi/10.2.1/thumb/v7e-m/nofp/crtn.o
OUTPUT(grbl_stm32f4 elf32-littlearm)
LOAD linker stubs
LOAD /home/zg/gcc-arm-none-eabi-10-2020-q4-major/bin/../lib/gcc/arm-none-eabi/10.2.1/../../../../arm-none-eabi/lib/thumb/v7e-m/nofp/libc.a
LOAD /home/zg/gcc-arm-none-eabi-10-2020-q4-major/bin/../lib/gcc/arm-none-eabi/10.2.1/../../../../arm-none-eabi/lib/thumb/v7e-m/nofp/libm.a
LOAD /home/zg/gcc-arm-none-eabi-10-2020-q4-major/bin/../lib/gcc/arm-none-eabi/10.2.1/thumb/v7e-m/nofp/libgcc.a

.debug_info     0x0000000000000000     0x8e16
 .debug_info    0x0000000000000000      0x148 ./grbl/grbl-master/coolant_control.o
 .debug_info    0x0000000000000148      0x167 ./grbl/grbl-master/delay.o
 .debug_info    0x00000000000002af      0x1df ./grbl/grbl-master/eeprom.o
 .debug_info    0x000000000000048e      0x6d3 ./grbl/grbl-master/gcode.o
 .debug_info    0x0000000000000b61      0x58d ./grbl/grbl-master/limits.o
 .debug_info    0x00000000000010ee      0x295 ./grbl/grbl-master/main.o
 .debug_info    0x0000000000001383      0x562 ./grbl/grbl-master/motion_control.o
 .debug_info    0x00000000000018e5      0x2a4 ./grbl/grbl-master/nuts_bolts.o
 .debug_info    0x0000000000001b89      0x961 ./grbl/grbl-master/planner.o
 .debug_info    0x00000000000024ea      0x3af ./grbl/grbl-master/print.o
 .debug_info    0x0000000000002899      0x416 ./grbl/grbl-master/protocol.o
 .debug_info    0x0000000000002caf      0x501 ./grbl/grbl-master/report.o
 .debug_info    0x00000000000031b0      0x3e0 ./grbl/grbl-master/settings.o
 .debug_info    0x0000000000003590      0x160 ./grbl/grbl-master/spindle_control.o
 .debug_info    0x00000000000036f0      0x6b9 ./grbl/grbl-master/stepper.o
 .debug_info    0x0000000000003da9      0x15d ./grbl/grbl-master/serial.o
 .debug_info    0x0000000000003f06      0x116 ./grbl/grbl-master/afl_call.o
 .debug_info    0x000000000000401c      0x522 ./hal/src/stm32f4xx_hal.o
 .debug_info    0x000000000000453e     0x1303 ./hal/src/stm32f4xx_hal_rcc.o
 .debug_info    0x0000000000005841      0xbc4 ./hal/src/stm32f4xx_hal_cortex.o
 .debug_info    0x0000000000006405      0x6b2 ./hal/src/stm32f4xx_hal_gpio.o
 .debug_info    0x0000000000006ab7      0x5ec ./board/main.o
 .debug_info    0x00000000000070a3      0x4e6 ./board/system_stm32f4xx.o
 .debug_info    0x0000000000007589      0x235 ./board/stm32f4xx_it.o
 .debug_info    0x00000000000077be      0x49a ./board/gpio.o
 .debug_info    0x0000000000007c58      0x314 ./board/debounce.o
 .debug_info    0x0000000000007f6c      0x9ba ./board/timers.o
 .debug_info    0x0000000000008926      0x4ce ./board/usart.o
 .debug_info    0x0000000000008df4       0x22 ./board/start.o

.debug_abbrev   0x0000000000000000     0x293d
 .debug_abbrev  0x0000000000000000       0xa7 ./grbl/grbl-master/coolant_control.o
 .debug_abbrev  0x00000000000000a7       0xdf ./grbl/grbl-master/delay.o
 .debug_abbrev  0x0000000000000186       0xb9 ./grbl/grbl-master/eeprom.o
 .debug_abbrev  0x000000000000023f      0x1dd ./grbl/grbl-master/gcode.o
 .debug_abbrev  0x000000000000041c      0x1c7 ./grbl/grbl-master/limits.o
 .debug_abbrev  0x00000000000005e3       0xc3 ./grbl/grbl-master/main.o
 .debug_abbrev  0x00000000000006a6      0x160 ./grbl/grbl-master/motion_control.o
 .debug_abbrev  0x0000000000000806      0x124 ./grbl/grbl-master/nuts_bolts.o
 .debug_abbrev  0x000000000000092a      0x214 ./grbl/grbl-master/planner.o
 .debug_abbrev  0x0000000000000b3e      0x122 ./grbl/grbl-master/print.o
 .debug_abbrev  0x0000000000000c60      0x19d ./grbl/grbl-master/protocol.o
 .debug_abbrev  0x0000000000000dfd      0x1b6 ./grbl/grbl-master/report.o
 .debug_abbrev  0x0000000000000fb3      0x17c ./grbl/grbl-master/settings.o
 .debug_abbrev  0x000000000000112f       0xa7 ./grbl/grbl-master/spindle_control.o
 .debug_abbrev  0x00000000000011d6      0x1f1 ./grbl/grbl-master/stepper.o
 .debug_abbrev  0x00000000000013c7       0xc3 ./grbl/grbl-master/serial.o
 .debug_abbrev  0x000000000000148a       0xa8 ./grbl/grbl-master/afl_call.o
 .debug_abbrev  0x0000000000001532      0x169 ./hal/src/stm32f4xx_hal.o
 .debug_abbrev  0x000000000000169b      0x2dd ./hal/src/stm32f4xx_hal_rcc.o
 .debug_abbrev  0x0000000000001978      0x2af ./hal/src/stm32f4xx_hal_cortex.o
 .debug_abbrev  0x0000000000001c27      0x1b8 ./hal/src/stm32f4xx_hal_gpio.o
 .debug_abbrev  0x0000000000001ddf      0x1d2 ./board/main.o
 .debug_abbrev  0x0000000000001fb1      0x126 ./board/system_stm32f4xx.o
 .debug_abbrev  0x00000000000020d7      0x102 ./board/stm32f4xx_it.o
 .debug_abbrev  0x00000000000021d9      0x147 ./board/gpio.o
 .debug_abbrev  0x0000000000002320      0x1bf ./board/debounce.o
 .debug_abbrev  0x00000000000024df      0x234 ./board/timers.o
 .debug_abbrev  0x0000000000002713      0x218 ./board/usart.o
 .debug_abbrev  0x000000000000292b       0x12 ./board/start.o

.debug_aranges  0x0000000000000000      0x3a8
 .debug_aranges
                0x0000000000000000       0x20 ./grbl/grbl-master/coolant_control.o
 .debug_aranges
                0x0000000000000020       0x20 ./grbl/grbl-master/delay.o
 .debug_aranges
                0x0000000000000040       0x20 ./grbl/grbl-master/eeprom.o
 .debug_aranges
                0x0000000000000060       0x20 ./grbl/grbl-master/gcode.o
 .debug_aranges
                0x0000000000000080       0x20 ./grbl/grbl-master/limits.o
 .debug_aranges
                0x00000000000000a0       0x20 ./grbl/grbl-master/main.o
 .debug_aranges
                0x00000000000000c0       0x20 ./grbl/grbl-master/motion_control.o
 .debug_aranges
                0x00000000000000e0       0x20 ./grbl/grbl-master/nuts_bolts.o
 .debug_aranges
                0x0000000000000100       0x20 ./grbl/grbl-master/planner.o
 .debug_aranges
                0x0000000000000120       0x20 ./grbl/grbl-master/print.o
 .debug_aranges
                0x0000000000000140       0x20 ./grbl/grbl-master/protocol.o
 .debug_aranges
                0x0000000000000160       0x20 ./grbl/grbl-master/report.o
 .debug_aranges
                0x0000000000000180       0x20 ./grbl/grbl-master/settings.o
 .debug_aranges
                0x00000000000001a0       0x20 ./grbl/grbl-master/spindle_control.o
 .debug_aranges
                0x00000000000001c0       0x20 ./grbl/grbl-master/stepper.o
 .debug_aranges
                0x00000000000001e0       0x20 ./grbl/grbl-master/serial.o
 .debug_aranges
                0x0000000000000200       0x20 ./grbl/grbl-master/afl_call.o
 .debug_aranges
                0x0000000000000220       0x20 ./hal/src/stm32f4xx_hal.o
 .debug_aranges
                0x0000000000000240       0x20 ./hal/src/stm32f4xx_hal_rcc.o
 .debug_aranges
                0x0000000000000260       0x20 ./hal/src/stm32f4xx_hal_cortex.o
 .debug_aranges
                0x0000000000000280       0x20 ./hal/src/stm32f4xx_hal_gpio.o
 .debug_aranges
                0x00000000000002a0       0x20 ./board/main.o
 .debug_aranges
                0x00000000000002c0       0x20 ./board/system_stm32f4xx.o
 .debug_aranges
                0x00000000000002e0       0x20 ./board/stm32f4xx_it.o
 .debug_aranges
                0x0000000000000300       0x20 ./board/gpio.o
 .debug_aranges
                0x0000000000000320       0x20 ./board/debounce.o
 .debug_aranges
                0x0000000000000340       0x20 ./board/timers.o
 .debug_aranges
                0x0000000000000360       0x20 ./board/usart.o
 .debug_aranges
                0x0000000000000380       0x28 ./board/start.o

.debug_line     0x0000000000000000     0x5628
 .debug_line    0x0000000000000000      0x161 ./grbl/grbl-master/coolant_control.o
 .debug_line    0x0000000000000161      0x148 ./grbl/grbl-master/delay.o
 .debug_line    0x00000000000002a9      0x138 ./grbl/grbl-master/eeprom.o
 .debug_line    0x00000000000003e1      0x829 ./grbl/grbl-master/gcode.o
 .debug_line    0x0000000000000c0a      0x34d ./grbl/grbl-master/limits.o
 .debug_line    0x0000000000000f57      0x17b ./grbl/grbl-master/main.o
 .debug_line    0x00000000000010d2      0x3bd ./grbl/grbl-master/motion_control.o
 .debug_line    0x000000000000148f      0x1f9 ./grbl/grbl-master/nuts_bolts.o
 .debug_line    0x0000000000001688      0x66d ./grbl/grbl-master/planner.o
 .debug_line    0x0000000000001cf5      0x266 ./grbl/grbl-master/print.o
 .debug_line    0x0000000000001f5b      0x45b ./grbl/grbl-master/protocol.o
 .debug_line    0x00000000000023b6      0x4fe ./grbl/grbl-master/report.o
 .debug_line    0x00000000000028b4      0x313 ./grbl/grbl-master/settings.o
 .debug_line    0x0000000000002bc7      0x15f ./grbl/grbl-master/spindle_control.o
 .debug_line    0x0000000000002d26      0x46d ./grbl/grbl-master/stepper.o
 .debug_line    0x0000000000003193      0x132 ./grbl/grbl-master/serial.o
 .debug_line    0x00000000000032c5      0x115 ./grbl/grbl-master/afl_call.o
 .debug_line    0x00000000000033da      0x1fb ./hal/src/stm32f4xx_hal.o
 .debug_line    0x00000000000035d5      0x93d ./hal/src/stm32f4xx_hal_rcc.o
 .debug_line    0x0000000000003f12      0x436 ./hal/src/stm32f4xx_hal_cortex.o
 .debug_line    0x0000000000004348      0x43e ./hal/src/stm32f4xx_hal_gpio.o
 .debug_line    0x0000000000004786      0x205 ./board/main.o
 .debug_line    0x000000000000498b      0x1db ./board/system_stm32f4xx.o
 .debug_line    0x0000000000004b66      0x178 ./board/stm32f4xx_it.o
 .debug_line    0x0000000000004cde      0x197 ./board/gpio.o
 .debug_line    0x0000000000004e75      0x219 ./board/debounce.o
 .debug_line    0x000000000000508e      0x2ed ./board/timers.o
 .debug_line    0x000000000000537b      0x241 ./board/usart.o
 .debug_line    0x00000000000055bc       0x6c ./board/start.o

.debug_str      0x0000000000000000     0x2721
 .debug_str     0x0000000000000000      0x1c8 ./grbl/grbl-master/coolant_control.o
                                        0x21b (size before relaxing)
 .debug_str     0x00000000000001c8       0x75 ./grbl/grbl-master/delay.o
                                        0x1d0 (size before relaxing)
 .debug_str     0x000000000000023d       0xbf ./grbl/grbl-master/eeprom.o
                                        0x229 (size before relaxing)
 .debug_str     0x00000000000002fc      0x35f ./grbl/grbl-master/gcode.o
                                        0x553 (size before relaxing)
 .debug_str     0x000000000000065b      0x166 ./grbl/grbl-master/limits.o
                                        0x4b1 (size before relaxing)
 .debug_str     0x00000000000007c1       0x22 ./grbl/grbl-master/main.o
                                        0x339 (size before relaxing)
 .debug_str     0x00000000000007e3      0x13e ./grbl/grbl-master/motion_control.o
                                        0x4c4 (size before relaxing)
 .debug_str     0x0000000000000921       0x6b ./grbl/grbl-master/nuts_bolts.o
                                        0x287 (size before relaxing)
 .debug_str     0x000000000000098c      0x41b ./grbl/grbl-master/planner.o
                                        0x7cb (size before relaxing)
 .debug_str     0x0000000000000da7       0x9a ./grbl/grbl-master/print.o
                                        0x38c (size before relaxing)
 .debug_str     0x0000000000000e41       0xe9 ./grbl/grbl-master/protocol.o
                                        0x42c (size before relaxing)
 .debug_str     0x0000000000000f2a      0x114 ./grbl/grbl-master/report.o
                                        0x53d (size before relaxing)
 .debug_str     0x000000000000103e       0xfe ./grbl/grbl-master/settings.o
                                        0x40a (size before relaxing)
 .debug_str     0x000000000000113c       0x8a ./grbl/grbl-master/spindle_control.o
                                        0x218 (size before relaxing)
 .debug_str     0x00000000000011c6      0x1a8 ./grbl/grbl-master/stepper.o
                                        0x655 (size before relaxing)
 .debug_str     0x000000000000136e       0x29 ./grbl/grbl-master/serial.o
                                        0x1de (size before relaxing)
 .debug_str     0x0000000000001397       0x40 ./grbl/grbl-master/afl_call.o
                                        0x1b0 (size before relaxing)
 .debug_str     0x00000000000013d7      0x2f2 ./hal/src/stm32f4xx_hal.o
                                        0x46c (size before relaxing)
 .debug_str     0x00000000000016c9      0x89e ./hal/src/stm32f4xx_hal_rcc.o
                                        0xc1b (size before relaxing)
 .debug_str     0x0000000000001f67      0x225 ./hal/src/stm32f4xx_hal_cortex.o
                                        0xa92 (size before relaxing)
 .debug_str     0x000000000000218c      0x147 ./hal/src/stm32f4xx_hal_gpio.o
                                        0x435 (size before relaxing)
 .debug_str     0x00000000000022d3       0x69 ./board/main.o
                                        0x485 (size before relaxing)
 .debug_str     0x000000000000233c       0x44 ./board/system_stm32f4xx.o
                                        0x32d (size before relaxing)
 .debug_str     0x0000000000002380       0xb1 ./board/stm32f4xx_it.o
                                        0x25c (size before relaxing)
 .debug_str     0x0000000000002431       0x35 ./board/gpio.o
                                        0x34f (size before relaxing)
 .debug_str     0x0000000000002466       0x93 ./board/debounce.o
                                        0x285 (size before relaxing)
 .debug_str     0x00000000000024f9      0x13c ./board/timers.o
                                        0x913 (size before relaxing)
 .debug_str     0x0000000000002635       0xd0 ./board/usart.o
                                        0x34c (size before relaxing)
 .debug_str     0x0000000000002705       0x1c ./board/start.o
                                         0x55 (size before relaxing)

.comment        0x0000000000000000       0x4d
 .comment       0x0000000000000000       0x4d ./grbl/grbl-master/coolant_control.o
                                         0x4e (size before relaxing)
 .comment       0x000000000000004d       0x4e ./grbl/grbl-master/delay.o
 .comment       0x000000000000004d       0x4e ./grbl/grbl-master/eeprom.o
 .comment       0x000000000000004d       0x4e ./grbl/grbl-master/gcode.o
 .comment       0x000000000000004d       0x4e ./grbl/grbl-master/limits.o
 .comment       0x000000000000004d       0x4e ./grbl/grbl-master/main.o
 .comment       0x000000000000004d       0x4e ./grbl/grbl-master/motion_control.o
 .comment       0x000000000000004d       0x4e ./grbl/grbl-master/nuts_bolts.o
 .comment       0x000000000000004d       0x4e ./grbl/grbl-master/planner.o
 .comment       0x000000000000004d       0x4e ./grbl/grbl-master/print.o
 .comment       0x000000000000004d       0x4e ./grbl/grbl-master/protocol.o
 .comment       0x000000000000004d       0x4e ./grbl/grbl-master/report.o
 .comment       0x000000000000004d       0x4e ./grbl/grbl-master/settings.o
 .comment       0x000000000000004d       0x4e ./grbl/grbl-master/spindle_control.o
 .comment       0x000000000000004d       0x4e ./grbl/grbl-master/stepper.o
 .comment       0x000000000000004d       0x4e ./grbl/grbl-master/serial.o
 .comment       0x000000000000004d       0x4e ./grbl/grbl-master/afl_call.o
 .comment       0x000000000000004d       0x4e ./hal/src/stm32f4xx_hal.o
 .comment       0x000000000000004d       0x4e ./hal/src/stm32f4xx_hal_rcc.o
 .comment       0x000000000000004d       0x4e ./hal/src/stm32f4xx_hal_cortex.o
 .comment       0x000000000000004d       0x4e ./hal/src/stm32f4xx_hal_gpio.o
 .comment       0x000000000000004d       0x4e ./board/main.o
 .comment       0x000000000000004d       0x4e ./board/system_stm32f4xx.o
 .comment       0x000000000000004d       0x4e ./board/stm32f4xx_it.o
 .comment       0x000000000000004d       0x4e ./board/gpio.o
 .comment       0x000000000000004d       0x4e ./board/debounce.o
 .comment       0x000000000000004d       0x4e ./board/timers.o
 .comment       0x000000000000004d       0x4e ./board/usart.o

.debug_frame    0x0000000000000000     0x2cf4
 .debug_frame   0x0000000000000000       0xec ./grbl/grbl-master/coolant_control.o
 .debug_frame   0x00000000000000ec       0x80 ./grbl/grbl-master/delay.o
 .debug_frame   0x000000000000016c       0xbc ./grbl/grbl-master/eeprom.o
 .debug_frame   0x0000000000000228       0xf4 ./grbl/grbl-master/gcode.o
 .debug_frame   0x000000000000031c       0xec ./grbl/grbl-master/limits.o
 .debug_frame   0x0000000000000408       0x2c ./grbl/grbl-master/main.o
 .debug_frame   0x0000000000000434       0xd4 ./grbl/grbl-master/motion_control.o
 .debug_frame   0x0000000000000508       0xa0 ./grbl/grbl-master/nuts_bolts.o
 .debug_frame   0x00000000000005a8      0x310 ./grbl/grbl-master/planner.o
 .debug_frame   0x00000000000008b8      0x130 ./grbl/grbl-master/print.o
 .debug_frame   0x00000000000009e8      0x104 ./grbl/grbl-master/protocol.o
 .debug_frame   0x0000000000000aec      0x160 ./grbl/grbl-master/report.o
 .debug_frame   0x0000000000000c4c      0x150 ./grbl/grbl-master/settings.o
 .debug_frame   0x0000000000000d9c       0xec ./grbl/grbl-master/spindle_control.o
 .debug_frame   0x0000000000000e88      0x200 ./grbl/grbl-master/stepper.o
 .debug_frame   0x0000000000001088       0x34 ./grbl/grbl-master/serial.o
 .debug_frame   0x00000000000010bc       0x44 ./grbl/grbl-master/afl_call.o
 .debug_frame   0x0000000000001100      0x24c ./hal/src/stm32f4xx_hal.o
 .debug_frame   0x000000000000134c      0x250 ./hal/src/stm32f4xx_hal_rcc.o
 .debug_frame   0x000000000000159c      0x428 ./hal/src/stm32f4xx_hal_cortex.o
 .debug_frame   0x00000000000019c4      0x124 ./hal/src/stm32f4xx_hal_gpio.o
 .debug_frame   0x0000000000001ae8      0x100 ./board/main.o
 .debug_frame   0x0000000000001be8       0x58 ./board/system_stm32f4xx.o
 .debug_frame   0x0000000000001c40      0x13c ./board/stm32f4xx_it.o
 .debug_frame   0x0000000000001d7c       0x34 ./board/gpio.o
 .debug_frame   0x0000000000001db0      0x114 ./board/debounce.o
 .debug_frame   0x0000000000001ec4      0x224 ./board/timers.o
 .debug_frame   0x00000000000020e8      0x1cc ./board/usart.o
 .debug_frame   0x00000000000022b4       0x30 /home/zg/gcc-arm-none-eabi-10-2020-q4-major/bin/../lib/gcc/arm-none-eabi/10.2.1/../../../../arm-none-eabi/lib/thumb/v7e-m/nofp/libm.a(lib_a-s_ceil.o)
 .debug_frame   0x00000000000022e4       0x3c /home/zg/gcc-arm-none-eabi-10-2020-q4-major/bin/../lib/gcc/arm-none-eabi/10.2.1/../../../../arm-none-eabi/lib/thumb/v7e-m/nofp/libm.a(lib_a-s_cos.o)
 .debug_frame   0x0000000000002320       0x30 /home/zg/gcc-arm-none-eabi-10-2020-q4-major/bin/../lib/gcc/arm-none-eabi/10.2.1/../../../../arm-none-eabi/lib/thumb/v7e-m/nofp/libm.a(lib_a-s_floor.o)
 .debug_frame   0x0000000000002350       0x28 /home/zg/gcc-arm-none-eabi-10-2020-q4-major/bin/../lib/gcc/arm-none-eabi/10.2.1/../../../../arm-none-eabi/lib/thumb/v7e-m/nofp/libm.a(lib_a-s_lround.o)
 .debug_frame   0x0000000000002378       0x2c /home/zg/gcc-arm-none-eabi-10-2020-q4-major/bin/../lib/gcc/arm-none-eabi/10.2.1/../../../../arm-none-eabi/lib/thumb/v7e-m/nofp/libm.a(lib_a-s_round.o)
 .debug_frame   0x00000000000023a4       0x38 /home/zg/gcc-arm-none-eabi-10-2020-q4-major/bin/../lib/gcc/arm-none-eabi/10.2.1/../../../../arm-none-eabi/lib/thumb/v7e-m/nofp/libm.a(lib_a-s_sin.o)
 .debug_frame   0x00000000000023dc       0x2c /home/zg/gcc-arm-none-eabi-10-2020-q4-major/bin/../lib/gcc/arm-none-eabi/10.2.1/../../../../arm-none-eabi/lib/thumb/v7e-m/nofp/libm.a(lib_a-s_trunc.o)
 .debug_frame   0x0000000000002408       0x20 /home/zg/gcc-arm-none-eabi-10-2020-q4-major/bin/../lib/gcc/arm-none-eabi/10.2.1/../../../../arm-none-eabi/lib/thumb/v7e-m/nofp/libm.a(lib_a-w_atan2.o)
 .debug_frame   0x0000000000002428       0x34 /home/zg/gcc-arm-none-eabi-10-2020-q4-major/bin/../lib/gcc/arm-none-eabi/10.2.1/../../../../arm-none-eabi/lib/thumb/v7e-m/nofp/libm.a(lib_a-w_hypot.o)
 .debug_frame   0x000000000000245c       0x30 /home/zg/gcc-arm-none-eabi-10-2020-q4-major/bin/../lib/gcc/arm-none-eabi/10.2.1/../../../../arm-none-eabi/lib/thumb/v7e-m/nofp/libm.a(lib_a-w_sqrt.o)
 .debug_frame   0x000000000000248c       0x48 /home/zg/gcc-arm-none-eabi-10-2020-q4-major/bin/../lib/gcc/arm-none-eabi/10.2.1/../../../../arm-none-eabi/lib/thumb/v7e-m/nofp/libm.a(lib_a-e_atan2.o)
 .debug_frame   0x00000000000024d4       0x48 /home/zg/gcc-arm-none-eabi-10-2020-q4-major/bin/../lib/gcc/arm-none-eabi/10.2.1/../../../../arm-none-eabi/lib/thumb/v7e-m/nofp/libm.a(lib_a-e_hypot.o)
 .debug_frame   0x000000000000251c       0x4c /home/zg/gcc-arm-none-eabi-10-2020-q4-major/bin/../lib/gcc/arm-none-eabi/10.2.1/../../../../arm-none-eabi/lib/thumb/v7e-m/nofp/libm.a(lib_a-e_rem_pio2.o)
 .debug_frame   0x0000000000002568       0x34 /home/zg/gcc-arm-none-eabi-10-2020-q4-major/bin/../lib/gcc/arm-none-eabi/10.2.1/../../../../arm-none-eabi/lib/thumb/v7e-m/nofp/libm.a(lib_a-e_sqrt.o)
 .debug_frame   0x000000000000259c       0x4c /home/zg/gcc-arm-none-eabi-10-2020-q4-major/bin/../lib/gcc/arm-none-eabi/10.2.1/../../../../arm-none-eabi/lib/thumb/v7e-m/nofp/libm.a(lib_a-k_cos.o)
 .debug_frame   0x00000000000025e8       0x58 /home/zg/gcc-arm-none-eabi-10-2020-q4-major/bin/../lib/gcc/arm-none-eabi/10.2.1/../../../../arm-none-eabi/lib/thumb/v7e-m/nofp/libm.a(lib_a-k_rem_pio2.o)
 .debug_frame   0x0000000000002640       0x48 /home/zg/gcc-arm-none-eabi-10-2020-q4-major/bin/../lib/gcc/arm-none-eabi/10.2.1/../../../../arm-none-eabi/lib/thumb/v7e-m/nofp/libm.a(lib_a-k_sin.o)
 .debug_frame   0x0000000000002688       0x38 /home/zg/gcc-arm-none-eabi-10-2020-q4-major/bin/../lib/gcc/arm-none-eabi/10.2.1/../../../../arm-none-eabi/lib/thumb/v7e-m/nofp/libm.a(lib_a-s_atan.o)
 .debug_frame   0x00000000000026c0       0x20 /home/zg/gcc-arm-none-eabi-10-2020-q4-major/bin/../lib/gcc/arm-none-eabi/10.2.1/../../../../arm-none-eabi/lib/thumb/v7e-m/nofp/libm.a(lib_a-s_fabs.o)
 .debug_frame   0x00000000000026e0       0x20 /home/zg/gcc-arm-none-eabi-10-2020-q4-major/bin/../lib/gcc/arm-none-eabi/10.2.1/../../../../arm-none-eabi/lib/thumb/v7e-m/nofp/libm.a(lib_a-s_finite.o)
 .debug_frame   0x0000000000002700       0x2c /home/zg/gcc-arm-none-eabi-10-2020-q4-major/bin/../lib/gcc/arm-none-eabi/10.2.1/../../../../arm-none-eabi/lib/thumb/v7e-m/nofp/libm.a(lib_a-s_scalbn.o)
 .debug_frame   0x000000000000272c       0xac /home/zg/gcc-arm-none-eabi-10-2020-q4-major/bin/../lib/gcc/arm-none-eabi/10.2.1/thumb/v7e-m/nofp/libgcc.a(_arm_addsubdf3.o)
 .debug_frame   0x00000000000027d8       0x50 /home/zg/gcc-arm-none-eabi-10-2020-q4-major/bin/../lib/gcc/arm-none-eabi/10.2.1/thumb/v7e-m/nofp/libgcc.a(_arm_muldivdf3.o)
 .debug_frame   0x0000000000002828       0xc4 /home/zg/gcc-arm-none-eabi-10-2020-q4-major/bin/../lib/gcc/arm-none-eabi/10.2.1/thumb/v7e-m/nofp/libgcc.a(_arm_cmpdf2.o)
 .debug_frame   0x00000000000028ec       0x20 /home/zg/gcc-arm-none-eabi-10-2020-q4-major/bin/../lib/gcc/arm-none-eabi/10.2.1/thumb/v7e-m/nofp/libgcc.a(_arm_unorddf2.o)
 .debug_frame   0x000000000000290c       0x24 /home/zg/gcc-arm-none-eabi-10-2020-q4-major/bin/../lib/gcc/arm-none-eabi/10.2.1/thumb/v7e-m/nofp/libgcc.a(_arm_fixdfsi.o)
 .debug_frame   0x0000000000002930       0x24 /home/zg/gcc-arm-none-eabi-10-2020-q4-major/bin/../lib/gcc/arm-none-eabi/10.2.1/thumb/v7e-m/nofp/libgcc.a(_arm_fixunsdfsi.o)
 .debug_frame   0x0000000000002954       0x24 /home/zg/gcc-arm-none-eabi-10-2020-q4-major/bin/../lib/gcc/arm-none-eabi/10.2.1/thumb/v7e-m/nofp/libgcc.a(_arm_truncdfsf2.o)
 .debug_frame   0x0000000000002978       0x4c /home/zg/gcc-arm-none-eabi-10-2020-q4-major/bin/../lib/gcc/arm-none-eabi/10.2.1/thumb/v7e-m/nofp/libgcc.a(_arm_addsubsf3.o)
 .debug_frame   0x00000000000029c4       0x38 /home/zg/gcc-arm-none-eabi-10-2020-q4-major/bin/../lib/gcc/arm-none-eabi/10.2.1/thumb/v7e-m/nofp/libgcc.a(_arm_muldivsf3.o)
 .debug_frame   0x00000000000029fc       0xc8 /home/zg/gcc-arm-none-eabi-10-2020-q4-major/bin/../lib/gcc/arm-none-eabi/10.2.1/thumb/v7e-m/nofp/libgcc.a(_arm_cmpsf2.o)
 .debug_frame   0x0000000000002ac4       0x24 /home/zg/gcc-arm-none-eabi-10-2020-q4-major/bin/../lib/gcc/arm-none-eabi/10.2.1/thumb/v7e-m/nofp/libgcc.a(_arm_fixsfsi.o)
 .debug_frame   0x0000000000002ae8       0x20 /home/zg/gcc-arm-none-eabi-10-2020-q4-major/bin/../lib/gcc/arm-none-eabi/10.2.1/../../../../arm-none-eabi/lib/thumb/v7e-m/nofp/libg.a(lib_a-errno.o)
 .debug_frame   0x0000000000002b08       0x2c /home/zg/gcc-arm-none-eabi-10-2020-q4-major/bin/../lib/gcc/arm-none-eabi/10.2.1/../../../../arm-none-eabi/lib/thumb/v7e-m/nofp/libg.a(lib_a-init.o)
 .debug_frame   0x0000000000002b34       0x2c /home/zg/gcc-arm-none-eabi-10-2020-q4-major/bin/../lib/gcc/arm-none-eabi/10.2.1/../../../../arm-none-eabi/lib/thumb/v7e-m/nofp/libg.a(lib_a-memset.o)
 .debug_frame   0x0000000000002b60       0x5c /home/zg/gcc-arm-none-eabi-10-2020-q4-major/bin/../lib/gcc/arm-none-eabi/10.2.1/../../../../arm-none-eabi/lib/thumb/v7e-m/nofp/libg.a(lib_a-__call_atexit.o)
 .debug_frame   0x0000000000002bbc       0x20 /home/zg/gcc-arm-none-eabi-10-2020-q4-major/bin/../lib/gcc/arm-none-eabi/10.2.1/../../../../arm-none-eabi/lib/thumb/v7e-m/nofp/libg.a(lib_a-atexit.o)
 .debug_frame   0x0000000000002bdc       0x34 /home/zg/gcc-arm-none-eabi-10-2020-q4-major/bin/../lib/gcc/arm-none-eabi/10.2.1/../../../../arm-none-eabi/lib/thumb/v7e-m/nofp/libg.a(lib_a-fini.o)
 .debug_frame   0x0000000000002c10       0xb0 /home/zg/gcc-arm-none-eabi-10-2020-q4-major/bin/../lib/gcc/arm-none-eabi/10.2.1/../../../../arm-none-eabi/lib/thumb/v7e-m/nofp/libg.a(lib_a-lock.o)
 .debug_frame   0x0000000000002cc0       0x34 /home/zg/gcc-arm-none-eabi-10-2020-q4-major/bin/../lib/gcc/arm-none-eabi/10.2.1/../../../../arm-none-eabi/lib/thumb/v7e-m/nofp/libg.a(lib_a-__atexit.o)

.debug_ranges   0x0000000000000000       0x20
 .debug_ranges  0x0000000000000000       0x20 ./board/start.o
